Archive member included because of file (symbol)

c:/devkitPro/libogc/lib/wii\libwiiuse.a(wpad.o)
                              main.o (WPAD_Init)
c:/devkitPro/libogc/lib/wii\libwiiuse.a(motion_plus.o)
                              c:/devkitPro/libogc/lib/wii\libwiiuse.a(wpad.o) (wiiuse_set_motion_plus)
c:/devkitPro/libogc/lib/wii\libwiiuse.a(dynamics.o)
                              c:/devkitPro/libogc/lib/wii\libwiiuse.a(wpad.o) (calculate_gforce)
c:/devkitPro/libogc/lib/wii\libwiiuse.a(io.o)
                              c:/devkitPro/libogc/lib/wii\libwiiuse.a(motion_plus.o) (wiiuse_disable_expansion)
c:/devkitPro/libogc/lib/wii\libwiiuse.a(io_wii.o)
                              c:/devkitPro/libogc/lib/wii\libwiiuse.a(wpad.o) (__wiiuse_sensorbar_enable)
c:/devkitPro/libogc/lib/wii\libwiiuse.a(ir.o)
                              c:/devkitPro/libogc/lib/wii\libwiiuse.a(motion_plus.o) (wiiuse_set_ir_mode)
c:/devkitPro/libogc/lib/wii\libwiiuse.a(nunchuk.o)
                              c:/devkitPro/libogc/lib/wii\libwiiuse.a(io.o) (nunchuk_handshake)
c:/devkitPro/libogc/lib/wii\libwiiuse.a(wiiboard.o)
                              c:/devkitPro/libogc/lib/wii\libwiiuse.a(io.o) (wii_board_handshake)
c:/devkitPro/libogc/lib/wii\libwiiuse.a(wiiuse.o)
                              c:/devkitPro/libogc/lib/wii\libwiiuse.a(wpad.o) (wiiuse_init)
c:/devkitPro/libogc/lib/wii\libwiiuse.a(speaker.o)
                              c:/devkitPro/libogc/lib/wii\libwiiuse.a(wpad.o) (wencdata)
c:/devkitPro/libogc/lib/wii\libwiiuse.a(classic.o)
                              c:/devkitPro/libogc/lib/wii\libwiiuse.a(io.o) (classic_ctrl_handshake)
c:/devkitPro/libogc/lib/wii\libwiiuse.a(events.o)
                              c:/devkitPro/libogc/lib/wii\libwiiuse.a(io_wii.o) (parse_event)
c:/devkitPro/libogc/lib/wii\libwiiuse.a(guitar_hero_3.o)
                              c:/devkitPro/libogc/lib/wii\libwiiuse.a(io.o) (guitar_hero_3_handshake)
c:/devkitPro/libogc/lib/wii\libbte.a(bte.o)
                              c:/devkitPro/libogc/lib/wii\libwiiuse.a(wpad.o) (BTE_Init)
c:/devkitPro/libogc/lib/wii\libbte.a(hci.o)
                              c:/devkitPro/libogc/lib/wii\libbte.a(bte.o) (hci_init)
c:/devkitPro/libogc/lib/wii\libbte.a(l2cap.o)
                              c:/devkitPro/libogc/lib/wii\libbte.a(bte.o) (l2cap_init)
c:/devkitPro/libogc/lib/wii\libbte.a(btmemb.o)
                              c:/devkitPro/libogc/lib/wii\libbte.a(bte.o) (btmemb_init)
c:/devkitPro/libogc/lib/wii\libbte.a(btmemr.o)
                              c:/devkitPro/libogc/lib/wii\libbte.a(hci.o) (btmemr_init)
c:/devkitPro/libogc/lib/wii\libbte.a(btpbuf.o)
                              c:/devkitPro/libogc/lib/wii\libbte.a(hci.o) (btpbuf_init)
c:/devkitPro/libogc/lib/wii\libbte.a(physbusif.o)
                              c:/devkitPro/libogc/lib/wii\libbte.a(bte.o) (physbusif_init)
c:/devkitPro/libogc/lib/wii\libogc.a(console.o)
                              main.o (CON_Init)
c:/devkitPro/libogc/lib/wii\libogc.a(lwp_queue.o)
                              c:/devkitPro/libogc/lib/wii\libwiiuse.a(io_wii.o) (__lwp_queue_initialize)
c:/devkitPro/libogc/lib/wii\libogc.a(lwp_threads.o)
                              c:/devkitPro/libogc/lib/wii\libwiiuse.a(wpad.o) (_thread_dispatch_disable_level)
c:/devkitPro/libogc/lib/wii\libogc.a(lwp.o)
                              c:/devkitPro/libogc/lib/wii\libbte.a(bte.o) (LWP_InitQueue)
c:/devkitPro/libogc/lib/wii\libogc.a(lwp_handler.o)
                              c:/devkitPro/libogc/lib/wii\libogc.a(lwp_threads.o) (_cpu_context_save_fp)
c:/devkitPro/libogc/lib/wii\libogc.a(lwp_stack.o)
                              c:/devkitPro/libogc/lib/wii\libogc.a(lwp_threads.o) (__lwp_stack_allocate)
c:/devkitPro/libogc/lib/wii\libogc.a(lwp_watchdog.o)
                              c:/devkitPro/libogc/lib/wii\libogc.a(lwp_threads.o) (_wd_ticks_queue)
c:/devkitPro/libogc/lib/wii\libogc.a(lwp_wkspace.o)
                              c:/devkitPro/libogc/lib/wii\libwiiuse.a(io.o) (__wkspace_heap)
c:/devkitPro/libogc/lib/wii\libogc.a(lwp_objmgr.o)
                              c:/devkitPro/libogc/lib/wii\libogc.a(lwp.o) (__lwp_objmgr_initinfo)
c:/devkitPro/libogc/lib/wii\libogc.a(lwp_heap.o)
                              c:/devkitPro/libogc/lib/wii\libogc.a(lwp_wkspace.o) (__lwp_heap_init)
c:/devkitPro/libogc/lib/wii\libogc.a(sys_state.o)
                              c:/devkitPro/libogc/lib/wii\libogc.a(lwp_threads.o) (_sys_state_curr)
c:/devkitPro/libogc/lib/wii\libogc.a(exception.o)
                              main.o (__exception_setreload)
c:/devkitPro/libogc/lib/wii\libogc.a(irq.o)
                              c:/devkitPro/libogc/lib/wii\libwiiuse.a(io_wii.o) (IRQ_Disable)
c:/devkitPro/libogc/lib/wii\libogc.a(irq_handler.o)
                              c:/devkitPro/libogc/lib/wii\libogc.a(exception.o) (irq_exceptionhandler)
[...]
Memory Configuration

Name             Origin             Length             Attributes
*default*        0x00000000         0xffffffff

Linker script and memory map

                0x00003400                . = 0x3400

.stub
 *(.stub)
                0x80004000                . = 0x80004000

.init           0x80004000      0x194
 *crt0.o(*.init)
 .init          0x80004000      0x170 c:/devkitPro/libogc/lib/wii\libogc.a(ogc_crt0.o)
                0x80004000                _start
                0x80004140                _memset
 *(.init)
 .init          0x80004170        0xc c:/devkitpro/devkitppc/bin/../lib/gcc/powerpc-eabi/4.6.3/ecrti.o
                0x80004170                __init
 .init          0x8000417c        0x4 c:/devkitpro/devkitppc/bin/../lib/gcc/powerpc-eabi/4.6.3/crtbegin.o
 .init          0x80004180        0x4 c:/devkitpro/devkitppc/bin/../lib/gcc/powerpc-eabi/4.6.3/crtend.o
 .init          0x80004184       0x10 c:/devkitpro/devkitppc/bin/../lib/gcc/powerpc-eabi/4.6.3/ecrtn.o

.rela.dyn       0x80004194        0x0
 .rela.iplt     0x00000000        0x0 c:/devkitpro/devkitppc/bin/../lib/gcc/powerpc-eabi/4.6.3/crtbegin.o

.plt
 *(.plt)

.interp
 *(.interp)

.hash
 *(.hash)

.dynsym
 *(.dynsym)

.dynstr
 *(.dynstr)

.gnu.version
 *(.gnu.version)

.gnu.version_d
 *(.gnu.version_d)

.gnu.version_r
 *(.gnu.version_r)

.rel.init
 *(.rel.init)

.rela.init      0x80004194        0x0
 *(.rela.init)
 .rela.init     0x00000000        0x0 c:/devkitpro/devkitppc/bin/../lib/gcc/powerpc-eabi/4.6.3/crtbegin.o

.rel.text
 *(.rel.text .rel.text.* .rel.gnu.linkonce.t.*)

.rela.text      0x80004194        0x0
 *(.rela.text .rela.text.* .rela.gnu.linkonce.t.*)
 .rela.text     0x00000000        0x0 c:/devkitpro/devkitppc/bin/../lib/gcc/powerpc-eabi/4.6.3/crtbegin.o
 .rela.text.USB_Init
                0x00000000        0x0 c:/devkitpro/devkitppc/bin/../lib/gcc/powerpc-eabi/4.6.3/crtbegin.o
 .rela.text.Interrogate_Devices
                0x00000000        0x0 c:/devkitpro/devkitppc/bin/../lib/gcc/powerpc-eabi/4.6.3/crtbegin.o
 .rela.text.Mount_USB
                0x00000000        0x0 c:/devkitpro/devkitppc/bin/../lib/gcc/powerpc-eabi/4.6.3/crtbegin.o
 .rela.text.Get_Capacity
                0x00000000        0x0 c:/devkitpro/devkitppc/bin/../lib/gcc/powerpc-eabi/4.6.3/crtbegin.o
 .rela.text.Read_Sectors
                0x00000000        0x0 c:/devkitpro/devkitppc/bin/../lib/gcc/powerpc-eabi/4.6.3/crtbegin.o
 .rela.text.Write_Sectors
                0x00000000        0x0 c:/devkitpro/devkitppc/bin/../lib/gcc/powerpc-eabi/4.6.3/crtbegin.o
 .rela.text.Close_Storage
                0x00000000        0x0 c:/devkitpro/devkitppc/bin/../lib/gcc/powerpc-eabi/4.6.3/crtbegin.o
 .rela.text.wiiuse_handshake_expansion
                0x00000000        0x0 c:/devkitpro/devkitppc/bin/../lib/gcc/powerpc-eabi/4.6.3/crtbegin.o
 .rela.text.wiiuse_handshake
                0x00000000        0x0 c:/devkitpro/devkitppc/bin/../lib/gcc/powerpc-eabi/4.6.3/crtbegin.o
 .rela.text.wiiuse_init_cmd_queue
                0x00000000        0x0 c:/devkitpro/devkitppc/bin/../lib/gcc/powerpc-eabi/4.6.3/crtbegin.o
 .rela.text.wiiuse_init
                0x00000000        0x0 c:/devkitpro/devkitppc/bin/../lib/gcc/powerpc-eabi/4.6.3/crtbegin.o
 .rela.text.bt_alarmhandler
                0x00000000        0x0 c:/devkitpro/devkitppc/bin/../lib/gcc/powerpc-eabi/4.6.3/crtbegin.o
 .rela.text.__console_init
                0x00000000        0x0 c:/devkitpro/devkitppc/bin/../lib/gcc/powerpc-eabi/4.6.3/crtbegin.o
 .rela.text.__console_init_ex
                0x00000000        0x0 c:/devkitpro/devkitppc/bin/../lib/gcc/powerpc-eabi/4.6.3/crtbegin.o
 .rela.text.CON_EnableGecko
                0x00000000        0x0 c:/devkitpro/devkitppc/bin/../lib/gcc/powerpc-eabi/4.6.3/crtbegin.o
 .rela.text.__lwp_thread_calcheir
                0x00000000        0x0 c:/devkitpro/devkitppc/bin/../lib/gcc/powerpc-eabi/4.6.3/crtbegin.o
 .rela.text.__lwp_wd_insert_ticks.constprop.4
                0x00000000        0x0 c:/devkitpro/devkitppc/bin/../lib/gcc/powerpc-eabi/4.6.3/crtbegin.o
 .rela.text.__lwp_rotate_readyqueue
                0x00000000        0x0 c:/devkitpro/devkitppc/bin/../lib/gcc/powerpc-eabi/4.6.3/crtbegin.o
 .rela.text.__lwp_thread_setpriority
                0x00000000        0x0 c:/devkitpro/devkitppc/bin/../lib/gcc/powerpc-eabi/4.6.3/crtbegin.o
 .rela.text.__lwp_thread_close
                0x00000000        0x0 c:/devkitpro/devkitppc/bin/../lib/gcc/powerpc-eabi/4.6.3/crtbegin.o
 .rela.text.__lwp_thread_closeall
                0x00000000        0x0 c:/devkitpro/devkitppc/bin/../lib/gcc/powerpc-eabi/4.6.3/crtbegin.o
 .rela.text.__lwp_thread_startmultitasking
                0x00000000        0x0 c:/devkitpro/devkitppc/bin/../lib/gcc/powerpc-eabi/4.6.3/crtbegin.o
 .rela.text.__lwp_thread_stopmultitasking
                0x00000000        0x0 c:/devkitpro/devkitppc/bin/../lib/gcc/powerpc-eabi/4.6.3/crtbegin.o
 .rela.text.__lwp_thread_coreinit
                0x00000000        0x0 c:/devkitpro/devkitppc/bin/../lib/gcc/powerpc-eabi/4.6.3/crtbegin.o
 .rela.text.__lwp_cntrl_free
                0x00000000        0x0 c:/devkitpro/devkitppc/bin/../lib/gcc/powerpc-eabi/4.6.3/crtbegin.o
 .rela.text.__lwp_tqueue_open
                0x00000000        0x0 c:/devkitpro/devkitppc/bin/../lib/gcc/powerpc-eabi/4.6.3/crtbegin.o
 .rela.text.__lwp_cntrl_open
                0x00000000        0x0 c:/devkitpro/devkitppc/bin/../lib/gcc/powerpc-eabi/4.6.3/crtbegin.o
 .rela.text.__lwp_sysinit
                0x00000000        0x0 c:/devkitpro/devkitppc/bin/../lib/gcc/powerpc-eabi/4.6.3/crtbegin.o
 .rela.text.__lwp_thread_isalive
                0x00000000        0x0 c:/devkitpro/devkitppc/bin/../lib/gcc/powerpc-eabi/4.6.3/crtbegin.o
 .rela.text.__lwp_thread_exists
                0x00000000        0x0 c:/devkitpro/devkitppc/bin/../lib/gcc/powerpc-eabi/4.6.3/crtbegin.o
 .rela.text.__lwp_thread_context
                0x00000000        0x0 c:/devkitpro/devkitppc/bin/../lib/gcc/powerpc-eabi/4.6.3/crtbegin.o
 .rela.text.LWP_CreateThread
                0x00000000        0x0 c:/devkitpro/devkitppc/bin/../lib/gcc/powerpc-eabi/4.6.3/crtbegin.o
 .rela.text.LWP_InitQueue
                0x00000000        0x0 c:/devkitpro/devkitppc/bin/../lib/gcc/powerpc-eabi/4.6.3/crtbegin.o
 .rela.text.LWP_CloseQueue
                0x00000000        0x0 c:/devkitpro/devkitppc/bin/../lib/gcc/powerpc-eabi/4.6.3/crtbegin.o
 .rela.text.__lwp_stack_allocate
                0x00000000        0x0 c:/devkitpro/devkitppc/bin/../lib/gcc/powerpc-eabi/4.6.3/crtbegin.o
 .rela.text.__lwp_stack_free
                0x00000000        0x0 c:/devkitpro/devkitppc/bin/../lib/gcc/powerpc-eabi/4.6.3/crtbegin.o
 .rela.text.__lwp_watchdog_init
                0x00000000        0x0 c:/devkitpro/devkitppc/bin/../lib/gcc/powerpc-eabi/4.6.3/crtbegin.o
 .rela.text.__lwp_wd_tickle
                0x00000000        0x0 c:/devkitpro/devkitppc/bin/../lib/gcc/powerpc-eabi/4.6.3/crtbegin.o
 .rela.text.__lwp_wkspace_heapfree
                0x00000000        0x0 c:/devkitpro/devkitppc/bin/../lib/gcc/powerpc-eabi/4.6.3/crtbegin.o
 .rela.text.__lwp_wkspace_heapused
                0x00000000        0x0 c:/devkitpro/devkitppc/bin/../lib/gcc/powerpc-eabi/4.6.3/crtbegin.o
 .rela.text.__lwp_wkspace_init
                0x00000000        0x0 c:/devkitpro/devkitppc/bin/../lib/gcc/powerpc-eabi/4.6.3/crtbegin.o
 .rela.text.__lwp_objmgr_initinfo
                0x00000000        0x0 c:/devkitpro/devkitppc/bin/../lib/gcc/powerpc-eabi/4.6.3/crtbegin.o
 .rela.text.__systemcall_init
                0x00000000        0x0 c:/devkitpro/devkitppc/bin/../lib/gcc/powerpc-eabi/4.6.3/crtbegin.o
 .rela.text.__exception_init
                0x00000000        0x0 c:/devkitpro/devkitppc/bin/../lib/gcc/powerpc-eabi/4.6.3/crtbegin.o
 .rela.text.__exception_close
                0x00000000        0x0 c:/devkitpro/devkitppc/bin/../lib/gcc/powerpc-eabi/4.6.3/crtbegin.o
 .rela.text.__exception_sethandler
                0x00000000        0x0 c:/devkitpro/devkitppc/bin/../lib/gcc/powerpc-eabi/4.6.3/crtbegin.o
 .rela.text.__irq_init
                0x00000000        0x0 c:/devkitpro/devkitppc/bin/../lib/gcc/powerpc-eabi/4.6.3/crtbegin.o
 .rela.text.__call_resetfuncs
                0x00000000        0x0 c:/devkitpro/devkitppc/bin/../lib/gcc/powerpc-eabi/4.6.3/crtbegin.o
 .rela.text.__locksram
                0x00000000        0x0 c:/devkitpro/devkitppc/bin/../lib/gcc/powerpc-eabi/4.6.3/crtbegin.o
 .rela.text.__lwp_wd_insert_ticks
                0x00000000        0x0 c:/devkitpro/devkitppc/bin/../lib/gcc/powerpc-eabi/4.6.3/crtbegin.o
 .rela.text.__unlocksram
                0x00000000        0x0 c:/devkitpro/devkitppc/bin/../lib/gcc/powerpc-eabi/4.6.3/crtbegin.o
 .rela.text.__sram_writecallback
                0x00000000        0x0 c:/devkitpro/devkitppc/bin/../lib/gcc/powerpc-eabi/4.6.3/crtbegin.o
 .rela.text.__sram_init
                0x00000000        0x0 c:/devkitpro/devkitppc/bin/../lib/gcc/powerpc-eabi/4.6.3/crtbegin.o
 .rela.text.__SYS_SyncSram
                0x00000000        0x0 c:/devkitpro/devkitppc/bin/../lib/gcc/powerpc-eabi/4.6.3/crtbegin.o
 .rela.text.SYS_Init
                0x00000000        0x0 c:/devkitpro/devkitppc/bin/../lib/gcc/powerpc-eabi/4.6.3/crtbegin.o
 .rela.text.SYS_RemoveAlarm
                0x00000000        0x0 c:/devkitpro/devkitppc/bin/../lib/gcc/powerpc-eabi/4.6.3/crtbegin.o
 .rela.text.SYS_CancelAlarm
                0x00000000        0x0 c:/devkitpro/devkitppc/bin/../lib/gcc/powerpc-eabi/4.6.3/crtbegin.o
 .rela.text.__lwp_cond_open
                0x00000000        0x0 c:/devkitpro/devkitppc/bin/../lib/gcc/powerpc-eabi/4.6.3/crtbegin.o
 .rela.text.__lwp_cond_init
                0x00000000        0x0 c:/devkitpro/devkitppc/bin/../lib/gcc/powerpc-eabi/4.6.3/crtbegin.o
 .rela.text.LWP_CondInit
                0x00000000        0x0 c:/devkitpro/devkitppc/bin/../lib/gcc/powerpc-eabi/4.6.3/crtbegin.o
 .rela.text.LWP_CondDestroy
                0x00000000        0x0 c:/devkitpro/devkitppc/bin/../lib/gcc/powerpc-eabi/4.6.3/crtbegin.o
 .rela.text.__GX_FifoLink
                0x00000000        0x0 c:/devkitpro/devkitppc/bin/../lib/gcc/powerpc-eabi/4.6.3/crtbegin.o
 .rela.text.__GX_WriteFifoIntEnable
                0x00000000        0x0 c:/devkitpro/devkitppc/bin/../lib/gcc/powerpc-eabi/4.6.3/crtbegin.o
 .rela.text.__GX_FifoReadEnable
                0x00000000        0x0 c:/devkitpro/devkitppc/bin/../lib/gcc/powerpc-eabi/4.6.3/crtbegin.o
 .rela.text.__GX_FifoReadDisable
                0x00000000        0x0 c:/devkitpro/devkitppc/bin/../lib/gcc/powerpc-eabi/4.6.3/crtbegin.o
 .rela.text.__GX_InitRevBits
                0x00000000        0x0 c:/devkitpro/devkitppc/bin/../lib/gcc/powerpc-eabi/4.6.3/crtbegin.o
 .rela.text.__GXDefTexRegionCallback
                0x00000000        0x0 c:/devkitpro/devkitppc/bin/../lib/gcc/powerpc-eabi/4.6.3/crtbegin.o
 .rela.text.__GXDefTlutRegionCallback
                0x00000000        0x0 c:/devkitpro/devkitppc/bin/../lib/gcc/powerpc-eabi/4.6.3/crtbegin.o
 .rela.text.__GX_FlushTextureState
                0x00000000        0x0 c:/devkitpro/devkitppc/bin/../lib/gcc/powerpc-eabi/4.6.3/crtbegin.o
 .rela.text.__SetSURegs
                0x00000000        0x0 c:/devkitpro/devkitppc/bin/../lib/gcc/powerpc-eabi/4.6.3/crtbegin.o
 .rela.text.__SETVCDFMT
                0x00000000        0x0 c:/devkitpro/devkitppc/bin/../lib/gcc/powerpc-eabi/4.6.3/crtbegin.o
 .rela.text.__GX_SetMatrixIndex
                0x00000000        0x0 c:/devkitpro/devkitppc/bin/../lib/gcc/powerpc-eabi/4.6.3/crtbegin.o
 .rela.text.__GX_SetDirtyState
                0x00000000        0x0 c:/devkitpro/devkitppc/bin/../lib/gcc/powerpc-eabi/4.6.3/crtbegin.o
 .rela.text.__SETVCDATTR
                0x00000000        0x0 c:/devkitpro/devkitppc/bin/../lib/gcc/powerpc-eabi/4.6.3/crtbegin.o
 .rela.text.__GX_WriteFifoIntReset.constprop.6
                0x00000000        0x0 c:/devkitpro/devkitppc/bin/../lib/gcc/powerpc-eabi/4.6.3/crtbegin.o
 .rela.text.__GXCPInterruptHandler
                0x00000000        0x0 c:/devkitpro/devkitppc/bin/../lib/gcc/powerpc-eabi/4.6.3/crtbegin.o
 .rela.text.GX_Flush
                0x00000000        0x0 c:/devkitpro/devkitppc/bin/../lib/gcc/powerpc-eabi/4.6.3/crtbegin.o
 .rela.text.GX_EnableBreakPt
                0x00000000        0x0 c:/devkitpro/devkitppc/bin/../lib/gcc/powerpc-eabi/4.6.3/crtbegin.o
 .rela.text.GX_DisableBreakPt
                0x00000000        0x0 c:/devkitpro/devkitppc/bin/../lib/gcc/powerpc-eabi/4.6.3/crtbegin.o
 .rela.text.GX_AbortFrame
                0x00000000        0x0 c:/devkitpro/devkitppc/bin/../lib/gcc/powerpc-eabi/4.6.3/crtbegin.o
 .rela.text.GX_PixModeSync
                0x00000000        0x0 c:/devkitpro/devkitppc/bin/../lib/gcc/powerpc-eabi/4.6.3/crtbegin.o
 .rela.text.GX_SetMisc
                0x00000000        0x0 c:/devkitpro/devkitppc/bin/../lib/gcc/powerpc-eabi/4.6.3/crtbegin.o
 .rela.text.GX_SetCopyClamp
                0x00000000        0x0 c:/devkitpro/devkitppc/bin/../lib/gcc/powerpc-eabi/4.6.3/crtbegin.o
 .rela.text.GX_SetDispCopyGamma
                0x00000000        0x0 c:/devkitpro/devkitppc/bin/../lib/gcc/powerpc-eabi/4.6.3/crtbegin.o
 .rela.text.GX_SetDispCopyFrame2Field
                0x00000000        0x0 c:/devkitpro/devkitppc/bin/../lib/gcc/powerpc-eabi/4.6.3/crtbegin.o
 .rela.text.GX_SetDispCopyYScale
                0x00000000        0x0 c:/devkitpro/devkitppc/bin/../lib/gcc/powerpc-eabi/4.6.3/crtbegin.o
 .rela.text.GX_SetDispCopyDst
                0x00000000        0x0 c:/devkitpro/devkitppc/bin/../lib/gcc/powerpc-eabi/4.6.3/crtbegin.o
 .rela.text.GX_SetDispCopySrc
                0x00000000        0x0 c:/devkitpro/devkitppc/bin/../lib/gcc/powerpc-eabi/4.6.3/crtbegin.o
 .rela.text.GX_CopyDisp
                0x00000000        0x0 c:/devkitpro/devkitppc/bin/../lib/gcc/powerpc-eabi/4.6.3/crtbegin.o
 .rela.text.GX_CopyTex
                0x00000000        0x0 c:/devkitpro/devkitppc/bin/../lib/gcc/powerpc-eabi/4.6.3/crtbegin.o
 .rela.text.GX_SetTexCopySrc
                0x00000000        0x0 c:/devkitpro/devkitppc/bin/../lib/gcc/powerpc-eabi/4.6.3/crtbegin.o
 .rela.text.GX_SetTexCopyDst
                0x00000000        0x0 c:/devkitpro/devkitppc/bin/../lib/gcc/powerpc-eabi/4.6.3/crtbegin.o
 .rela.text.GX_BeginDispList
                0x00000000        0x0 c:/devkitpro/devkitppc/bin/../lib/gcc/powerpc-eabi/4.6.3/crtbegin.o
 .rela.text.GX_EndDispList
                0x00000000        0x0 c:/devkitpro/devkitppc/bin/../lib/gcc/powerpc-eabi/4.6.3/crtbegin.o
 .rela.text.GX_CallDispList
                0x00000000        0x0 c:/devkitpro/devkitppc/bin/../lib/gcc/powerpc-eabi/4.6.3/crtbegin.o
 .rela.text.GX_SetChanCtrl
                0x00000000        0x0 c:/devkitpro/devkitppc/bin/../lib/gcc/powerpc-eabi/4.6.3/crtbegin.o
 .rela.text.GX_SetChanAmbColor
                0x00000000        0x0 c:/devkitpro/devkitppc/bin/../lib/gcc/powerpc-eabi/4.6.3/crtbegin.o
 .rela.text.GX_SetChanMatColor
                0x00000000        0x0 c:/devkitpro/devkitppc/bin/../lib/gcc/powerpc-eabi/4.6.3/crtbegin.o
 .rela.text.GX_SetVtxDesc
                0x00000000        0x0 c:/devkitpro/devkitppc/bin/../lib/gcc/powerpc-eabi/4.6.3/crtbegin.o
 .rela.text.GX_SetVtxDescv
                0x00000000        0x0 c:/devkitpro/devkitppc/bin/../lib/gcc/powerpc-eabi/4.6.3/crtbegin.o
 .rela.text.GX_GetVtxDescv
                0x00000000        0x0 c:/devkitpro/devkitppc/bin/../lib/gcc/powerpc-eabi/4.6.3/crtbegin.o
 .rela.text.GX_SetVtxAttrFmt
                0x00000000        0x0 c:/devkitpro/devkitppc/bin/../lib/gcc/powerpc-eabi/4.6.3/crtbegin.o
 .rela.text.GX_SetVtxAttrFmtv
                0x00000000        0x0 c:/devkitpro/devkitppc/bin/../lib/gcc/powerpc-eabi/4.6.3/crtbegin.o
 .rela.text.GX_Begin
                0x00000000        0x0 c:/devkitpro/devkitppc/bin/../lib/gcc/powerpc-eabi/4.6.3/crtbegin.o
 .rela.text.GX_SetTexCoordGen2
                0x00000000        0x0 c:/devkitpro/devkitppc/bin/../lib/gcc/powerpc-eabi/4.6.3/crtbegin.o
 .rela.text.GX_SetCurrentMtx
                0x00000000        0x0 c:/devkitpro/devkitppc/bin/../lib/gcc/powerpc-eabi/4.6.3/crtbegin.o
 .rela.text.GX_SetNumTexGens
                0x00000000        0x0 c:/devkitpro/devkitppc/bin/../lib/gcc/powerpc-eabi/4.6.3/crtbegin.o
 .rela.text.GX_SetZMode
                0x00000000        0x0 c:/devkitpro/devkitppc/bin/../lib/gcc/powerpc-eabi/4.6.3/crtbegin.o
 .rela.text.GX_LoadTexObjPreloaded
                0x00000000        0x0 c:/devkitpro/devkitppc/bin/../lib/gcc/powerpc-eabi/4.6.3/crtbegin.o
 .rela.text.GX_SetTexCoordScaleManually
                0x00000000        0x0 c:/devkitpro/devkitppc/bin/../lib/gcc/powerpc-eabi/4.6.3/crtbegin.o
 .rela.text.GX_SetTexCoordCylWrap
                0x00000000        0x0 c:/devkitpro/devkitppc/bin/../lib/gcc/powerpc-eabi/4.6.3/crtbegin.o
 .rela.text.GX_SetTexCoordBias
                0x00000000        0x0 c:/devkitpro/devkitppc/bin/../lib/gcc/powerpc-eabi/4.6.3/crtbegin.o
 .rela.text.GX_SetBlendMode
                0x00000000        0x0 c:/devkitpro/devkitppc/bin/../lib/gcc/powerpc-eabi/4.6.3/crtbegin.o
 .rela.text.GX_ClearVtxDesc
                0x00000000        0x0 c:/devkitpro/devkitppc/bin/../lib/gcc/powerpc-eabi/4.6.3/crtbegin.o
 .rela.text.GX_SetLineWidth
                0x00000000        0x0 c:/devkitpro/devkitppc/bin/../lib/gcc/powerpc-eabi/4.6.3/crtbegin.o
 .rela.text.GX_SetPointSize
                0x00000000        0x0 c:/devkitpro/devkitppc/bin/../lib/gcc/powerpc-eabi/4.6.3/crtbegin.o
 .rela.text.GX_SetTevColorIn
                0x00000000        0x0 c:/devkitpro/devkitppc/bin/../lib/gcc/powerpc-eabi/4.6.3/crtbegin.o
 .rela.text.GX_SetTevAlphaIn
                0x00000000        0x0 c:/devkitpro/devkitppc/bin/../lib/gcc/powerpc-eabi/4.6.3/crtbegin.o
 .rela.text.GX_SetTevColorOp
                0x00000000        0x0 c:/devkitpro/devkitppc/bin/../lib/gcc/powerpc-eabi/4.6.3/crtbegin.o
 .rela.text.GX_SetTevAlphaOp
                0x00000000        0x0 c:/devkitpro/devkitppc/bin/../lib/gcc/powerpc-eabi/4.6.3/crtbegin.o
 .rela.text.GX_SetCullMode
                0x00000000        0x0 c:/devkitpro/devkitppc/bin/../lib/gcc/powerpc-eabi/4.6.3/crtbegin.o
 .rela.text.GX_SetCoPlanar
                0x00000000        0x0 c:/devkitpro/devkitppc/bin/../lib/gcc/powerpc-eabi/4.6.3/crtbegin.o
 .rela.text.GX_EnableTexOffsets
                0x00000000        0x0 c:/devkitpro/devkitppc/bin/../lib/gcc/powerpc-eabi/4.6.3/crtbegin.o
 .rela.text.GX_SetScissor
                0x00000000        0x0 c:/devkitpro/devkitppc/bin/../lib/gcc/powerpc-eabi/4.6.3/crtbegin.o
 .rela.text.GX_SetNumChans
                0x00000000        0x0 c:/devkitpro/devkitppc/bin/../lib/gcc/powerpc-eabi/4.6.3/crtbegin.o
 .rela.text.GX_SetTevOrder
                0x00000000        0x0 c:/devkitpro/devkitppc/bin/../lib/gcc/powerpc-eabi/4.6.3/crtbegin.o
 .rela.text.GX_SetNumTevStages
                0x00000000        0x0 c:/devkitpro/devkitppc/bin/../lib/gcc/powerpc-eabi/4.6.3/crtbegin.o
 .rela.text.GX_SetTevKColorSel
                0x00000000        0x0 c:/devkitpro/devkitppc/bin/../lib/gcc/powerpc-eabi/4.6.3/crtbegin.o
 .rela.text.GX_SetTevKAlphaSel
                0x00000000        0x0 c:/devkitpro/devkitppc/bin/../lib/gcc/powerpc-eabi/4.6.3/crtbegin.o
 .rela.text.GX_SetTevSwapMode
                0x00000000        0x0 c:/devkitpro/devkitppc/bin/../lib/gcc/powerpc-eabi/4.6.3/crtbegin.o
 .rela.text.GX_SetTevSwapModeTable
                0x00000000        0x0 c:/devkitpro/devkitppc/bin/../lib/gcc/powerpc-eabi/4.6.3/crtbegin.o
 .rela.text.GX_SetNumIndStages
                0x00000000        0x0 c:/devkitpro/devkitppc/bin/../lib/gcc/powerpc-eabi/4.6.3/crtbegin.o
 .rela.text.GX_SetIndTexCoordScale
                0x00000000        0x0 c:/devkitpro/devkitppc/bin/../lib/gcc/powerpc-eabi/4.6.3/crtbegin.o
 .rela.text.GX_SetColorUpdate
                0x00000000        0x0 c:/devkitpro/devkitppc/bin/../lib/gcc/powerpc-eabi/4.6.3/crtbegin.o
 .rela.text.GX_SetAlphaUpdate
                0x00000000        0x0 c:/devkitpro/devkitppc/bin/../lib/gcc/powerpc-eabi/4.6.3/crtbegin.o
 .rela.text.GX_SetZCompLoc
                0x00000000        0x0 c:/devkitpro/devkitppc/bin/../lib/gcc/powerpc-eabi/4.6.3/crtbegin.o
 .rela.text.GX_SetPixelFmt
                0x00000000        0x0 c:/devkitpro/devkitppc/bin/../lib/gcc/powerpc-eabi/4.6.3/crtbegin.o
 .rela.text.GX_SetDither
                0x00000000        0x0 c:/devkitpro/devkitppc/bin/../lib/gcc/powerpc-eabi/4.6.3/crtbegin.o
 .rela.text.GX_SetDstAlpha
                0x00000000        0x0 c:/devkitpro/devkitppc/bin/../lib/gcc/powerpc-eabi/4.6.3/crtbegin.o
 .rela.text.GX_SetFieldMode
                0x00000000        0x0 c:/devkitpro/devkitppc/bin/../lib/gcc/powerpc-eabi/4.6.3/crtbegin.o
 .rela.text.GX_SetIndTexOrder
                0x00000000        0x0 c:/devkitpro/devkitppc/bin/../lib/gcc/powerpc-eabi/4.6.3/crtbegin.o
 .rela.text.GX_SetGPMetric
                0x00000000        0x0 c:/devkitpro/devkitppc/bin/../lib/gcc/powerpc-eabi/4.6.3/crtbegin.o
 .rela.text.GX_Init
                0x00000000        0x0 c:/devkitpro/devkitppc/bin/../lib/gcc/powerpc-eabi/4.6.3/crtbegin.o
 .rela.text.GX_ReadGPMetric
                0x00000000        0x0 c:/devkitpro/devkitppc/bin/../lib/gcc/powerpc-eabi/4.6.3/crtbegin.o
 .rela.text.c_decrementer_handler
                0x00000000        0x0 c:/devkitpro/devkitppc/bin/../lib/gcc/powerpc-eabi/4.6.3/crtbegin.o
 .rela.text.__lwp_mqbox_free
                0x00000000        0x0 c:/devkitpro/devkitppc/bin/../lib/gcc/powerpc-eabi/4.6.3/crtbegin.o
 .rela.text.__lwp_mqbox_open
                0x00000000        0x0 c:/devkitpro/devkitppc/bin/../lib/gcc/powerpc-eabi/4.6.3/crtbegin.o
 .rela.text.__lwp_mqbox_init
                0x00000000        0x0 c:/devkitpro/devkitppc/bin/../lib/gcc/powerpc-eabi/4.6.3/crtbegin.o
 .rela.text.MQ_Init
                0x00000000        0x0 c:/devkitpro/devkitppc/bin/../lib/gcc/powerpc-eabi/4.6.3/crtbegin.o
 .rela.text.__ios_ioctlvformat_parse
                0x00000000        0x0 c:/devkitpro/devkitppc/bin/../lib/gcc/powerpc-eabi/4.6.3/crtbegin.o
 .rela.text.__ioctlvfmtCB
                0x00000000        0x0 c:/devkitpro/devkitppc/bin/../lib/gcc/powerpc-eabi/4.6.3/crtbegin.o
 .rela.text.IOS_IoctlvFormat
                0x00000000        0x0 c:/devkitpro/devkitppc/bin/../lib/gcc/powerpc-eabi/4.6.3/crtbegin.o
 .rela.text.IOS_IoctlvFormatAsync
                0x00000000        0x0 c:/devkitpro/devkitppc/bin/../lib/gcc/powerpc-eabi/4.6.3/crtbegin.o
 .rela.text.nanosleep
                0x00000000        0x0 c:/devkitpro/devkitppc/bin/../lib/gcc/powerpc-eabi/4.6.3/crtbegin.o
 .rela.text.__libc_delete_hook
                0x00000000        0x0 c:/devkitpro/devkitppc/bin/../lib/gcc/powerpc-eabi/4.6.3/crtbegin.o
 .rela.text.__libc_init
                0x00000000        0x0 c:/devkitpro/devkitppc/bin/../lib/gcc/powerpc-eabi/4.6.3/crtbegin.o
 .rela.text.__libc_wrapup
                0x00000000        0x0 c:/devkitpro/devkitppc/bin/../lib/gcc/powerpc-eabi/4.6.3/crtbegin.o
 .rela.text.kprintf
                0x00000000        0x0 c:/devkitpro/devkitppc/bin/../lib/gcc/powerpc-eabi/4.6.3/crtbegin.o
 .rela.text.__CheckARGV
                0x00000000        0x0 c:/devkitpro/devkitppc/bin/../lib/gcc/powerpc-eabi/4.6.3/crtbegin.o
 .rela.text.__lwp_priority_init
                0x00000000        0x0 c:/devkitpro/devkitppc/bin/../lib/gcc/powerpc-eabi/4.6.3/crtbegin.o
 .rela.text.__lwp_wd_remove_ticks
                0x00000000        0x0 c:/devkitpro/devkitppc/bin/../lib/gcc/powerpc-eabi/4.6.3/crtbegin.o
 .rela.text.__lwp_threadqueue_enqueue
                0x00000000        0x0 c:/devkitpro/devkitppc/bin/../lib/gcc/powerpc-eabi/4.6.3/crtbegin.o
 .rela.text.__lwpmq_initialize
                0x00000000        0x0 c:/devkitpro/devkitppc/bin/../lib/gcc/powerpc-eabi/4.6.3/crtbegin.o
 .rela.text.__lwpmq_close
                0x00000000        0x0 c:/devkitpro/devkitppc/bin/../lib/gcc/powerpc-eabi/4.6.3/crtbegin.o
 .rela.text.__lwp_sema_open
                0x00000000        0x0 c:/devkitpro/devkitppc/bin/../lib/gcc/powerpc-eabi/4.6.3/crtbegin.o
 .rela.text.__lwp_sema_init
                0x00000000        0x0 c:/devkitpro/devkitppc/bin/../lib/gcc/powerpc-eabi/4.6.3/crtbegin.o
 .rela.text.LWP_SemInit
                0x00000000        0x0 c:/devkitpro/devkitppc/bin/../lib/gcc/powerpc-eabi/4.6.3/crtbegin.o
 .rela.text.LWP_SemDestroy
                0x00000000        0x0 c:/devkitpro/devkitppc/bin/../lib/gcc/powerpc-eabi/4.6.3/crtbegin.o
 .rela.text.__lwp_mutex_locksupp.constprop.7
                0x00000000        0x0 c:/devkitpro/devkitppc/bin/../lib/gcc/powerpc-eabi/4.6.3/crtbegin.o
 .rela.text.__lwp_mutex_init
                0x00000000        0x0 c:/devkitpro/devkitppc/bin/../lib/gcc/powerpc-eabi/4.6.3/crtbegin.o
 .rela.text.LWP_MutexInit
                0x00000000        0x0 c:/devkitpro/devkitppc/bin/../lib/gcc/powerpc-eabi/4.6.3/crtbegin.o
 .rela.text.LWP_MutexDestroy
                0x00000000        0x0 c:/devkitpro/devkitppc/bin/../lib/gcc/powerpc-eabi/4.6.3/crtbegin.o
 .rela.text.LWP_MutexUnlock
                0x00000000        0x0 c:/devkitpro/devkitppc/bin/../lib/gcc/powerpc-eabi/4.6.3/crtbegin.o
 .rela.text.atangent
                0x00000000        0x0 c:/devkitpro/devkitppc/bin/../lib/gcc/powerpc-eabi/4.6.3/crtbegin.o
 .rela.text.atangentf
                0x00000000        0x0 c:/devkitpro/devkitppc/bin/../lib/gcc/powerpc-eabi/4.6.3/crtbegin.o
 .rela.text.sinef
                0x00000000        0x0 c:/devkitpro/devkitppc/bin/../lib/gcc/powerpc-eabi/4.6.3/crtbegin.o
 .rela.text.sqrtf
                0x00000000        0x0 c:/devkitpro/devkitppc/bin/../lib/gcc/powerpc-eabi/4.6.3/crtbegin.o
 .rela.text.calloc
                0x00000000        0x0 c:/devkitpro/devkitppc/bin/../lib/gcc/powerpc-eabi/4.6.3/crtbegin.o
 .rela.text.__errno
                0x00000000        0x0 c:/devkitpro/devkitppc/bin/../lib/gcc/powerpc-eabi/4.6.3/crtbegin.o
 .rela.text.exit
                0x00000000        0x0 c:/devkitpro/devkitppc/bin/../lib/gcc/powerpc-eabi/4.6.3/crtbegin.o
 .rela.text.fprintf
                0x00000000        0x0 c:/devkitpro/devkitppc/bin/../lib/gcc/powerpc-eabi/4.6.3/crtbegin.o
 .rela.text.fputs
                0x00000000        0x0 c:/devkitpro/devkitppc/bin/../lib/gcc/powerpc-eabi/4.6.3/crtbegin.o
 .rela.text._malloc_trim_r
                0x00000000        0x0 c:/devkitpro/devkitppc/bin/../lib/gcc/powerpc-eabi/4.6.3/crtbegin.o
 .rela.text._free_r
                0x00000000        0x0 c:/devkitpro/devkitppc/bin/../lib/gcc/powerpc-eabi/4.6.3/crtbegin.o
 .rela.text.setvbuf
                0x00000000        0x0 c:/devkitpro/devkitppc/bin/../lib/gcc/powerpc-eabi/4.6.3/crtbegin.o
 .rela.text._svfprintf_r
                0x00000000        0x0 c:/devkitpro/devkitppc/bin/../lib/gcc/powerpc-eabi/4.6.3/crtbegin.o
 .rela.text._vfprintf_r
                0x00000000        0x0 c:/devkitpro/devkitppc/bin/../lib/gcc/powerpc-eabi/4.6.3/crtbegin.o
 .rela.text._wcrtomb_r
                0x00000000        0x0 c:/devkitpro/devkitppc/bin/../lib/gcc/powerpc-eabi/4.6.3/crtbegin.o
 .rela.text.wcrtomb
                0x00000000        0x0 c:/devkitpro/devkitppc/bin/../lib/gcc/powerpc-eabi/4.6.3/crtbegin.o
 .rela.text.__call_exitprocs
                0x00000000        0x0 c:/devkitpro/devkitppc/bin/../lib/gcc/powerpc-eabi/4.6.3/crtbegin.o
 .rela.text._dtoa_r
                0x00000000        0x0 c:/devkitpro/devkitppc/bin/../lib/gcc/powerpc-eabi/4.6.3/crtbegin.o
 .rela.text._cleanup_r
                0x00000000        0x0 c:/devkitpro/devkitppc/bin/../lib/gcc/powerpc-eabi/4.6.3/crtbegin.o
 .rela.text.std.isra.0
                0x00000000        0x0 c:/devkitpro/devkitppc/bin/../lib/gcc/powerpc-eabi/4.6.3/crtbegin.o
 .rela.text.loadlocale
                0x00000000        0x0 c:/devkitpro/devkitppc/bin/../lib/gcc/powerpc-eabi/4.6.3/crtbegin.o
 .rela.text.__smakebuf_r
                0x00000000        0x0 c:/devkitpro/devkitppc/bin/../lib/gcc/powerpc-eabi/4.6.3/crtbegin.o
 .rela.text._findenv_r
                0x00000000        0x0 c:/devkitpro/devkitppc/bin/../lib/gcc/powerpc-eabi/4.6.3/crtbegin.o

.rel.fini
 *(.rel.fini)

.rela.fini
 *(.rela.fini)

.rel.rodata
 *(.rel.rodata .rel.rodata.* .rel.gnu.linkonce.r.*)

.rela.rodata
 *(.rela.rodata .rela.rodata.* .rela.gnu.linkonce.r.*)

.rel.data
 *(.rel.data .rel.data.* .rel.gnu.linkonce.d.*)

.rela.data
 *(.rela.data .rela.data.* .rela.gnu.linkonce.d.*)

.rel.tdata
 *(.rel.tdata .rel.tdata.* .rel.gnu.linkonce.td.*)

.rela.tdata
 *(.rela.tdata .rela.tdata.* .rela.gnu.linkonce.td.*)

.rel.tbss
 *(.rel.tbss .rel.tbss.* .rel.gnu.linkonce.tb.*)

.rela.tbss
 *(.rela.tbss .rela.tbss.* .rela.gnu.linkonce.tb.*)

.rel.ctors
 *(.rel.ctors)

.rela.ctors
 *(.rela.ctors)

.rel.dtors
 *(.rel.dtors)

.rela.dtors
 *(.rela.dtors)

.rel.got
 *(.rel.got)

.rela.got
 *(.rela.got)

.rela.got1
 *(.rela.got1)

.rela.got2      0x80004194        0x0
 *(.rela.got2)
 .rela.got2     0x00000000        0x0 c:/devkitpro/devkitppc/bin/../lib/gcc/powerpc-eabi/4.6.3/crtbegin.o

.rel.sdata
 *(.rel.sdata .rel.sdata.* .rel.gnu.linkonce.s.*)

.rela.sdata
 *(.rela.sdata .rela.sdata.* .rela.gnu.linkonce.s.*)

.rel.sbss
 *(.rel.sbss .rel.sbss.* .rel.gnu.linkonce.sb.*)

.rela.sbss
 *(.rela.sbss .rela.sbss.* .rel.gnu.linkonce.sb.*)

.rel.sdata2
 *(.rel.sdata2 .rel.sdata2.* .rel.gnu.linkonce.s2.*)

.rela.sdata2
 *(.rela.sdata2 .rela.sdata2.* .rela.gnu.linkonce.s2.*)

.rel.sbss2
 *(.rel.sbss2 .rel.sbss2.* .rel.gnu.linkonce.sb2.*)

.rela.sbss2
 *(.rela.sbss2 .rela.sbss2.* .rela.gnu.linkonce.sb2.*)

.rel.bss
 *(.rel.bss .rel.bss.* .rel.gnu.linkonce.b.*)

.rela.bss
 *(.rela.bss .rela.bss.* .rela.gnu.linkonce.b.*)

.rel.plt
 *(.rel.plt)

.rela.plt
 *(.rela.plt)

.text           0x800041a0    0x2f420
 *(.text)
 .text          0x800041a0      0x168 c:/devkitpro/devkitppc/bin/../lib/gcc/powerpc-eabi/4.6.3/crtbegin.o
 .text          0x80004308       0x44 c:/devkitpro/devkitppc/bin/../lib/gcc/powerpc-eabi/4.6.3/../../../../powerpc-eabi/lib/crtmain.o
                0x8000430c                __crtmain
 *fill*         0x8000434c       0x14 00000000
 .text          0x80004360      0x44c c:/devkitPro/libogc/lib/wii\libogc.a(lwp_handler.o)
                0x80004360                _cpu_context_save_fp
                0x800044a0                _cpu_context_restore_fp
                0x800045e0                _cpu_context_switch
                0x800046c0                _cpu_context_save
                0x80004740                _cpu_context_restore
 .text          0x800047ac      0x1ac c:/devkitPro/libogc/lib/wii\libogc.a(irq_handler.o)
                0x800047ac                irq_exceptionhandler
 .text          0x80004958      0x4f4 c:/devkitPro/libogc/lib/wii\libogc.a(cache_asm.o)
                0x80004958                DCFlashInvalidate
                0x8000496c                DCEnable
                0x80004980                DCDisable
                0x80004994                DCFreeze
                0x800049a8                DCUnfreeze
                0x800049bc                DCTouchLoad
                0x800049c4                DCBlockZero
                0x800049cc                DCBlockStore
                0x800049d4                DCBlockFlush
                0x800049dc                DCBlockInvalidate
                0x800049e4                DCInvalidateRange
                0x80004a14                DCFlushRange
                0x80004a48                DCStoreRange
                0x80004a7c                DCFlushRangeNoSync
                0x80004aac                DCStoreRangeNoSync
                0x80004adc                DCZeroRange
                0x80004b0c                DCTouchRange
                0x80004b3c                ICInvalidateRange
                0x80004b74                ICFlashInvalidate
                0x80004b88                ICEnable
                0x80004b9c                ICDisable
                0x80004bb0                ICFreeze
                0x80004bc4                ICUnfreeze
                0x80004bd8                ICBlockInvalidate
                0x80004be0                ICSync
                0x80004be8                L2Init
                0x80004c30                L2Enable
                0x80004c4c                L2Disable
                0x80004c64                L2GlobalInvalidate
                0x80004cbc                __LCEnable
                0x80004d88                LCDisable
                0x80004db0                LCAllocOneTag
                0x80004dc4                LCAllocTags
                0x80004e04                LCLoadBlocks
                0x80004e28                LCStoreBlocks
 .text          0x80004e4c      0x4a0 c:/devkitPro/libogc/lib/wii\libogc.a(system_asm.o)
                0x80004e4c                __realmode
                0x80004e64                __configBATS
                0x80004f94                __InitFPRS
                0x800050c0                __InitPS
                0x8000511c                __InitCache
                0x80005174                __InitSystem
                0x800051fc                __flush_cache
                0x80005230                __reset
                0x800052a0                __InitBATS
                0x800052bc                SYS_SwitchFiber
 .text          0x800052ec      0x1ac c:/devkitPro/libogc/lib/wii\libogc.a(decrementer_handler.o)
                0x800052ec                dec_exceptionhandler
 .text          0x80005498      0x35c c:/devkitPro/libogc/lib/wii\libogc.a(exception_handler.o)
                0x80005498                exceptionhandler_start
                0x80005514                exceptionhandler_patch
                0x80005548                exceptionhandler_end
                0x8000554c                default_exceptionhandler
                0x8000567c                fpu_exceptionhandler
                0x800057c4                systemcallhandler_start
                0x800057f0                systemcallhandler_end
 .text          0x800057f4       0x40 c:/devkitpro/devkitppc/bin/../lib/gcc/powerpc-eabi/4.6.3\libgcc.a(_ashldi3.o)
                0x800057f4                __ashldi3
 .text          0x80005834      0x400 c:/devkitpro/devkitppc/bin/../lib/gcc/powerpc-eabi/4.6.3\libgcc.a(_udivdi3.o)
                0x80005834                __udivdi3
 .text          0x80005c34      0x3d4 c:/devkitpro/devkitppc/bin/../lib/gcc/powerpc-eabi/4.6.3\libgcc.a(_umoddi3.o)
                0x80005c34                __umoddi3
 .text          0x80006008       0x48 c:/devkitpro/devkitppc/bin/../lib/gcc/powerpc-eabi/4.6.3\libgcc.a(eabi.o)
                0x80006008                __eabi
 .text          0x80006050       0x4c c:/devkitpro/devkitppc/bin/../lib/gcc/powerpc-eabi/4.6.3\libgcc.a(crtsavfpr.o)
                0x80006050                _savefpr_14
                0x80006054                _savefpr_15
                0x80006058                _savefpr_16
                0x8000605c                _savefpr_17
                0x80006060                _savefpr_18
                0x80006064                _savefpr_19
                0x80006068                _savefpr_20
                0x8000606c                _savefpr_21
                0x80006070                _savefpr_22
                0x80006074                _savefpr_23
                0x80006078                _savefpr_24
                0x8000607c                _savefpr_25
                0x80006080                _savefpr_26
                0x80006084                _savefpr_27
                0x80006088                _savefpr_28
                0x8000608c                _savefpr_29
                0x80006090                _savefpr_30
                0x80006094                _savefpr_31
 .text          0x8000609c       0x4c c:/devkitpro/devkitppc/bin/../lib/gcc/powerpc-eabi/4.6.3\libgcc.a(crtsavgpr.o)
                0x8000609c                _savegpr_14
                0x800060a0                _savegpr_15
                0x800060a4                _savegpr_16
                0x800060a8                _savegpr_17
                0x800060ac                _savegpr_18
                0x800060b0                _savegpr_19
                0x800060b4                _savegpr_20
                0x800060b8                _savegpr_21
                0x800060bc                _savegpr_22
                0x800060c0                _savegpr_23
                0x800060c4                _savegpr_24
                0x800060c8                _savegpr_25
                0x800060cc                _savegpr_26
                0x800060d0                _savegpr_27
                0x800060d4                _savegpr_28
                0x800060d8                _savegpr_29
                0x800060dc                _savegpr_30
                0x800060e0                _savegpr_31
 .text          0x800060e8       0x4c c:/devkitpro/devkitppc/bin/../lib/gcc/powerpc-eabi/4.6.3\libgcc.a(crtresgpr.o)
                0x800060e8                _restgpr_14
                0x800060ec                _restgpr_15
                0x800060f0                _restgpr_16
                0x800060f4                _restgpr_17
                0x800060f8                _restgpr_18
                0x800060fc                _restgpr_19
                0x80006100                _restgpr_20
                0x80006104                _restgpr_21
                0x80006108                _restgpr_22
                0x8000610c                _restgpr_23
                0x80006110                _restgpr_24
                0x80006114                _restgpr_25
                0x80006118                _restgpr_26
                0x8000611c                _restgpr_27
                0x80006120                _restgpr_28
                0x80006124                _restgpr_29
                0x80006128                _restgpr_30
                0x8000612c                _restgpr_31
 .text          0x80006134       0x58 c:/devkitpro/devkitppc/bin/../lib/gcc/powerpc-eabi/4.6.3\libgcc.a(crtresxfpr.o)
                0x80006134                _restfpr_14_x
                0x80006138                _restfpr_15_x
                0x8000613c                _restfpr_16_x
                0x80006140                _restfpr_17_x
                0x80006144                _restfpr_18_x
                0x80006148                _restfpr_19_x
                0x8000614c                _restfpr_20_x
                0x80006150                _restfpr_21_x
                0x80006154                _restfpr_22_x
                0x80006158                _restfpr_23_x
                0x8000615c                _restfpr_24_x
                0x80006160                _restfpr_25_x
                0x80006164                _restfpr_26_x
                0x80006168                _restfpr_27_x
                0x8000616c                _restfpr_28_x
                0x80006170                _restfpr_29_x
                0x80006174                _restfpr_30_x
                0x80006178                _restfpr_31_x
 .text          0x8000618c       0x58 c:/devkitpro/devkitppc/bin/../lib/gcc/powerpc-eabi/4.6.3\libgcc.a(crtresxgpr.o)
                0x8000618c                _restgpr_14_x
                0x80006190                _restgpr_15_x
                0x80006194                _restgpr_16_x
                0x80006198                _restgpr_17_x
                0x8000619c                _restgpr_18_x
                0x800061a0                _restgpr_19_x
                0x800061a4                _restgpr_20_x
                0x800061a8                _restgpr_21_x
                0x800061ac                _restgpr_22_x
                0x800061b0                _restgpr_23_x
                0x800061b4                _restgpr_24_x
                0x800061b8                _restgpr_25_x
                0x800061bc                _restgpr_26_x
                0x800061c0                _restgpr_27_x
                0x800061c4                _restgpr_28_x
                0x800061c8                _restgpr_29_x
                0x800061cc                _restgpr_30_x
                0x800061d0                _restgpr_31_x
 .text          0x800061e4       0x28 c:/devkitpro/devkitppc/bin/../lib/gcc/powerpc-eabi/4.6.3/../../../../powerpc-eabi/lib\libsysbase.a(abort.o)
                0x800061e4                abort
 .text          0x8000620c      0x2ec c:/devkitpro/devkitppc/bin/../lib/gcc/powerpc-eabi/4.6.3/../../../../powerpc-eabi/lib\libsysbase.a(iosupport.o)
                0x8000620c                setDefaultDevice
                0x80006224                FindDevice
                0x80006348                RemoveDevice
                0x80006398                AddDevice
                0x800064b4                GetDeviceOpTab
 .text          0x800064f8       0x28 c:/devkitpro/devkitppc/bin/../lib/gcc/powerpc-eabi/4.6.3/../../../../powerpc-eabi/lib\libsysbase.a(_exit.o)
                0x800064f8                _exit
 .text          0x80006520       0x90 c:/devkitpro/devkitppc/bin/../lib/gcc/powerpc-eabi/4.6.3/../../../../powerpc-eabi/lib\libsysbase.a(build_argv.o)
                0x80006520                build_argv
 .text          0x800065b0      0x168 c:/devkitpro/devkitppc/bin/../lib/gcc/powerpc-eabi/4.6.3/../../../../powerpc-eabi/lib\libsysbase.a(syscall_support.o)
                0x800065b0                __libc_lock_init
                0x800065f0                __libc_lock_close
                0x80006630                __libc_lock_release
                0x80006670                __libc_lock_acquire
                0x800066b0                __malloc_lock
                0x800066e4                __malloc_unlock
 .text          0x80006718       0x98 c:/devkitpro/devkitppc/bin/../lib/gcc/powerpc-eabi/4.6.3/../../../../powerpc-eabi/lib\libsysbase.a(close.o)
                0x80006718                _close_r
 .text          0x800067b0       0xc8 c:/devkitpro/devkitppc/bin/../lib/gcc/powerpc-eabi/4.6.3/../../../../powerpc-eabi/lib\libsysbase.a(fstat.o)
                0x800067b0                _fstat_r
 .text          0x80006878        0x8 c:/devkitpro/devkitppc/bin/../lib/gcc/powerpc-eabi/4.6.3/../../../../powerpc-eabi/lib\libsysbase.a(isatty.o)
                0x80006878                _isatty_r
 .text          0x80006880       0xcc c:/devkitpro/devkitppc/bin/../lib/gcc/powerpc-eabi/4.6.3/../../../../powerpc-eabi/lib\libsysbase.a(lseek.o)
                0x80006880                _lseek_r
 .text          0x8000694c       0xac c:/devkitpro/devkitppc/bin/../lib/gcc/powerpc-eabi/4.6.3/../../../../powerpc-eabi/lib\libsysbase.a(read.o)
                0x8000694c                _read_r
 .text          0x800069f8       0x50 c:/devkitpro/devkitppc/bin/../lib/gcc/powerpc-eabi/4.6.3/../../../../powerpc-eabi/lib\libsysbase.a(sbrk.o)
                0x800069f8                _sbrk_r
 .text          0x80006a48       0xac c:/devkitpro/devkitppc/bin/../lib/gcc/powerpc-eabi/4.6.3/../../../../powerpc-eabi/lib\libsysbase.a(write.o)
                0x80006a48                _write_r
 .text          0x80006af4       0x6c c:/devkitpro/devkitppc/bin/../lib/gcc/powerpc-eabi/4.6.3/../../../../powerpc-eabi/lib\libsysbase.a(flock.o)
                0x80006af4                __flockfile
                0x80006b3c                __funlockfile
 .text          0x80006b60      0x174 c:/devkitpro/devkitppc/bin/../lib/gcc/powerpc-eabi/4.6.3/../../../../powerpc-eabi/lib\libsysbase.a(handle_manager.o)
                0x80006b60                __release_handle
                0x80006bbc                __alloc_handle
                0x80006cb0                __get_handle
 .text          0x80006cd4       0x6c c:/devkitpro/devkitppc/bin/../lib/gcc/powerpc-eabi/4.6.3/crtend.o
 *(.text.*)
 .text.USB_Init
                0x80006d40       0x68 USBI.o
                0x80006d40                USB_Init
 .text.Interrogate_Devices
                0x80006da8       0x58 USBI.o
                0x80006da8                Interrogate_Devices
 .text.Mount_USB
                0x80006e00      0x118 USBI.o
                0x80006e00                Mount_USB
 .text.Get_Capacity
                0x80006f18       0x78 USBI.o
                0x80006f18                Get_Capacity
 .text.Read_Sectors
                0x80006f90       0x80 USBI.o
                0x80006f90                Read_Sectors
 .text.Write_Sectors
                0x80007010       0x80 USBI.o
                0x80007010                Write_Sectors
 .text.Close_Storage
                0x80007090       0x6c USBI.o
                0x80007090                Close_Storage
 .text.initwii  0x800070fc       0xa8 main.o
                0x800070fc                initwii
 .text.hide     0x800071a4       0x5c main.o
                0x800071a4                hide
 .text.decide_to_hide
                0x80007200      0x120 main.o
                0x80007200                decide_to_hide
 .text.startup.main
                0x80007320      0x1f0 main.o
                0x80007320                main
 .text.__wpad_assign_slot
                0x80007510      0x220 c:/devkitPro/libogc/lib/wii\libwiiuse.a(wpad.o)
                0x80007510                __wpad_assign_slot
 .text.__wpad_def_powcb
                0x80007730       0x20 c:/devkitPro/libogc/lib/wii\libwiiuse.a(wpad.o)
 .text.__wpad_setfmt
                0x80007750       0xf0 c:/devkitPro/libogc/lib/wii\libwiiuse.a(wpad.o)
 .text.__readlinkkey_finished
                0x80007840       0x30 c:/devkitPro/libogc/lib/wii\libwiiuse.a(wpad.o)
 .text.__wpad_patch_finished
                0x80007870       0x2c c:/devkitPro/libogc/lib/wii\libwiiuse.a(wpad.o)
 .text.__wpad_eventCB
                0x8000789c      0x958 c:/devkitPro/libogc/lib/wii\libwiiuse.a(wpad.o)
 .text.__wpad_disconnectCB
                0x800081f4       0xe8 c:/devkitPro/libogc/lib/wii\libwiiuse.a(wpad.o)
                0x800081f4                __wpad_disconnectCB
 .text.__wpad_timeouthandler
                0x800082dc       0x98 c:/devkitPro/libogc/lib/wii\libwiiuse.a(wpad.o)
 .text.__initcore_finished
                0x80008374       0x40 c:/devkitPro/libogc/lib/wii\libwiiuse.a(wpad.o)
 .text.__wpad_init_finished
                0x800083b4      0x134 c:/devkitPro/libogc/lib/wii\libwiiuse.a(wpad.o)
 .text.WPAD_ReadEvent
                0x800084e8      0x580 c:/devkitPro/libogc/lib/wii\libwiiuse.a(wpad.o)
                0x800084e8                WPAD_ReadEvent
 .text.WPAD_ReadPending
                0x80008a68      0x10c c:/devkitPro/libogc/lib/wii\libwiiuse.a(wpad.o)
                0x80008a68                WPAD_ReadPending
 .text.WPAD_Shutdown
                0x80008b74       0xdc c:/devkitPro/libogc/lib/wii\libwiiuse.a(wpad.o)
                0x80008b74                WPAD_Shutdown
 .text.WPAD_Init
                0x80008c50      0x240 c:/devkitPro/libogc/lib/wii\libwiiuse.a(wpad.o)
                0x80008c50                WPAD_Init
 .text.__wpad_onreset
                0x80008e90       0x2c c:/devkitPro/libogc/lib/wii\libwiiuse.a(wpad.o)
 .text.WPAD_ScanPads
                0x80008ebc        0xc c:/devkitPro/libogc/lib/wii\libwiiuse.a(wpad.o)
                0x80008ebc                WPAD_ScanPads
 .text.WPAD_ButtonsDown
                0x80008ec8       0x28 c:/devkitPro/libogc/lib/wii\libwiiuse.a(wpad.o)
                0x80008ec8                WPAD_ButtonsDown
 .text.motion_plus_disconnected
                0x80008ef0       0x10 c:/devkitPro/libogc/lib/wii\libwiiuse.a(motion_plus.o)
                0x80008ef0                motion_plus_disconnected
 .text.motion_plus_event
                0x80008f00       0x64 c:/devkitPro/libogc/lib/wii\libwiiuse.a(motion_plus.o)
                0x80008f00                motion_plus_event
 .text.calculate_gforce
                0x80008f64      0x114 c:/devkitPro/libogc/lib/wii\libwiiuse.a(dynamics.o)
                0x80008f64                calculate_gforce
 .text.calc_joystick_state
                0x80009078      0x21c c:/devkitPro/libogc/lib/wii\libwiiuse.a(dynamics.o)
                0x80009078                calc_joystick_state
 .text.apply_smoothing
                0x80009294      0x148 c:/devkitPro/libogc/lib/wii\libwiiuse.a(dynamics.o)
                0x80009294                apply_smoothing
 .text.calculate_orientation
                0x800093dc      0x29c c:/devkitPro/libogc/lib/wii\libwiiuse.a(dynamics.o)
                0x800093dc                calculate_orientation
 .text.calc_balanceboard_state
                0x80009678      0x36c c:/devkitPro/libogc/lib/wii\libwiiuse.a(dynamics.o)
                0x80009678                calc_balanceboard_state
 .text.wiiuse_handshake_expansion
                0x800099e4      0x1d4 c:/devkitPro/libogc/lib/wii\libwiiuse.a(io.o)
                0x800099e4                wiiuse_handshake_expansion
 .text.wiiuse_handshake
                0x80009bb8      0x150 c:/devkitPro/libogc/lib/wii\libwiiuse.a(io.o)
                0x80009bb8                wiiuse_handshake
 .text.wiiuse_handshake_expansion_start
                0x80009d08       0x24 c:/devkitPro/libogc/lib/wii\libwiiuse.a(io.o)
                0x80009d08                wiiuse_handshake_expansion_start
 .text.wiiuse_disable_expansion
                0x80009d2c       0xc0 c:/devkitPro/libogc/lib/wii\libwiiuse.a(io.o)
                0x80009d2c                wiiuse_disable_expansion
 .text.__wiiuse_disconnected
                0x80009dec       0x90 c:/devkitPro/libogc/lib/wii\libwiiuse.a(io_wii.o)
 .text.__wiiuse_receive
                0x80009e7c       0x8c c:/devkitPro/libogc/lib/wii\libwiiuse.a(io_wii.o)
 .text.__wiiuse_connected
                0x80009f08       0x7c c:/devkitPro/libogc/lib/wii\libwiiuse.a(io_wii.o)
 .text.__wiiuse_sensorbar_enable
                0x80009f84       0x48 c:/devkitPro/libogc/lib/wii\libwiiuse.a(io_wii.o)
                0x80009f84                __wiiuse_sensorbar_enable
 .text.wiiuse_register
                0x80009fcc       0xa4 c:/devkitPro/libogc/lib/wii\libwiiuse.a(io_wii.o)
                0x80009fcc                wiiuse_register
 .text.wiiuse_disconnect
                0x8000a070       0x40 c:/devkitPro/libogc/lib/wii\libwiiuse.a(io_wii.o)
                0x8000a070                wiiuse_disconnect
 .text.wiiuse_init_cmd_queue
                0x8000a0b0       0x84 c:/devkitPro/libogc/lib/wii\libwiiuse.a(io_wii.o)
                0x8000a0b0                wiiuse_init_cmd_queue
 .text.wiiuse_io_write
                0x8000a134       0x38 c:/devkitPro/libogc/lib/wii\libwiiuse.a(io_wii.o)
                0x8000a134                wiiuse_io_write
 .text.get_ir_sens.isra.0
                0x8000a16c       0xe8 c:/devkitPro/libogc/lib/wii\libwiiuse.a(ir.o)
 .text.rotate_dots
                0x8000a254      0x110 c:/devkitPro/libogc/lib/wii\libwiiuse.a(ir.o)
 .text.wiiuse_set_ir_mode
                0x8000a364       0x60 c:/devkitPro/libogc/lib/wii\libwiiuse.a(ir.o)
                0x8000a364                wiiuse_set_ir_mode
 .text.wiiuse_set_ir
                0x8000a3c4      0x190 c:/devkitPro/libogc/lib/wii\libwiiuse.a(ir.o)
                0x8000a3c4                wiiuse_set_ir
 .text.wiiuse_set_ir_position
                0x8000a554       0x78 c:/devkitPro/libogc/lib/wii\libwiiuse.a(ir.o)
                0x8000a554                wiiuse_set_ir_position
 .text.wiiuse_set_aspect_ratio
                0x8000a5cc       0x3c c:/devkitPro/libogc/lib/wii\libwiiuse.a(ir.o)
                0x8000a5cc                wiiuse_set_aspect_ratio
 .text.wiiuse_set_ir_sensitivity
                0x8000a608       0xf8 c:/devkitPro/libogc/lib/wii\libwiiuse.a(ir.o)
                0x8000a608                wiiuse_set_ir_sensitivity
 .text.calculate_basic_ir
                0x8000a700       0xfc c:/devkitPro/libogc/lib/wii\libwiiuse.a(ir.o)
                0x8000a700                calculate_basic_ir
 .text.calculate_extended_ir
                0x8000a7fc       0x7c c:/devkitPro/libogc/lib/wii\libwiiuse.a(ir.o)
                0x8000a7fc                calculate_extended_ir
 .text.find_sensorbar
                0x8000a878      0x7fc c:/devkitPro/libogc/lib/wii\libwiiuse.a(ir.o)
                0x8000a878                find_sensorbar
 .text.apply_ir_smoothing
                0x8000b074       0xd4 c:/devkitPro/libogc/lib/wii\libwiiuse.a(ir.o)
                0x8000b074                apply_ir_smoothing
 .text.calc_yaw
                0x8000b148       0x54 c:/devkitPro/libogc/lib/wii\libwiiuse.a(ir.o)
                0x8000b148                calc_yaw
 .text.interpret_ir_data
                0x8000b19c      0x370 c:/devkitPro/libogc/lib/wii\libwiiuse.a(ir.o)
                0x8000b19c                interpret_ir_data
 .text.nunchuk_handshake
                0x8000b50c      0x228 c:/devkitPro/libogc/lib/wii\libwiiuse.a(nunchuk.o)
                0x8000b50c                nunchuk_handshake
 .text.nunchuk_disconnected
                0x8000b734       0x28 c:/devkitPro/libogc/lib/wii\libwiiuse.a(nunchuk.o)
                0x8000b734                nunchuk_disconnected
 .text.nunchuk_event
                0x8000b75c       0xe4 c:/devkitPro/libogc/lib/wii\libwiiuse.a(nunchuk.o)
                0x8000b75c                nunchuk_event
 .text.wii_board_handshake
                0x8000b840      0x170 c:/devkitPro/libogc/lib/wii\libwiiuse.a(wiiboard.o)
                0x8000b840                wii_board_handshake
 .text.wii_board_disconnected
                0x8000b9b0       0x28 c:/devkitPro/libogc/lib/wii\libwiiuse.a(wiiboard.o)
                0x8000b9b0                wii_board_disconnected
 .text.wii_board_event
                0x8000b9d8       0x54 c:/devkitPro/libogc/lib/wii\libwiiuse.a(wiiboard.o)
                0x8000b9d8                wii_board_event
 .text.wiiuse_send_next_command
                0x8000ba2c       0x6c c:/devkitPro/libogc/lib/wii\libwiiuse.a(wiiuse.o)
                0x8000ba2c                wiiuse_send_next_command
 .text.__wiiuse_push_command
                0x8000ba98       0x94 c:/devkitPro/libogc/lib/wii\libwiiuse.a(wiiuse.o)
 .text.wiiuse_init
                0x8000bb2c      0x154 c:/devkitPro/libogc/lib/wii\libwiiuse.a(wiiuse.o)
                0x8000bb2c                wiiuse_init
 .text.wiiuse_set_flags
                0x8000bc80       0x24 c:/devkitPro/libogc/lib/wii\libwiiuse.a(wiiuse.o)
                0x8000bc80                wiiuse_set_flags
 .text.wiiuse_read_data
                0x8000bca4       0x94 c:/devkitPro/libogc/lib/wii\libwiiuse.a(wiiuse.o)
                0x8000bca4                wiiuse_read_data
 .text.wiiuse_write_data
                0x8000bd38       0xc0 c:/devkitPro/libogc/lib/wii\libwiiuse.a(wiiuse.o)
                0x8000bd38                wiiuse_write_data
 .text.wiiuse_sendcmd
                0x8000bdf8       0x90 c:/devkitPro/libogc/lib/wii\libwiiuse.a(wiiuse.o)
                0x8000bdf8                wiiuse_sendcmd
 .text.wiiuse_status
                0x8000be88       0x4c c:/devkitPro/libogc/lib/wii\libwiiuse.a(wiiuse.o)
                0x8000be88                wiiuse_status
 .text.wiiuse_motion_sensing
                0x8000bed4       0x3c c:/devkitPro/libogc/lib/wii\libwiiuse.a(wiiuse.o)
                0x8000bed4                wiiuse_motion_sensing
 .text.wiiuse_set_report_type
                0x8000bf10       0xd0 c:/devkitPro/libogc/lib/wii\libwiiuse.a(wiiuse.o)
                0x8000bf10                wiiuse_set_report_type
 .text.wiiuse_set_leds
                0x8000bfe0       0x50 c:/devkitPro/libogc/lib/wii\libwiiuse.a(wiiuse.o)
                0x8000bfe0                wiiuse_set_leds
 .text.wiiuse_set_speaker
                0x8000c030      0x1e4 c:/devkitPro/libogc/lib/wii\libwiiuse.a(speaker.o)
                0x8000c030                wiiuse_set_speaker
 .text.classic_ctrl_handshake
                0x8000c214      0x188 c:/devkitPro/libogc/lib/wii\libwiiuse.a(classic.o)
                0x8000c214                classic_ctrl_handshake
 .text.classic_ctrl_disconnected
                0x8000c39c       0x28 c:/devkitPro/libogc/lib/wii\libwiiuse.a(classic.o)
                0x8000c39c                classic_ctrl_disconnected
 .text.classic_ctrl_event
                0x8000c3c4       0xa4 c:/devkitPro/libogc/lib/wii\libwiiuse.a(classic.o)
                0x8000c3c4                classic_ctrl_event
 .text.handle_expansion
                0x8000c468       0x70 c:/devkitPro/libogc/lib/wii\libwiiuse.a(events.o)
 .text.wiiuse_pressed_buttons
                0x8000c4d8       0x2c c:/devkitPro/libogc/lib/wii\libwiiuse.a(events.o)
                0x8000c4d8                wiiuse_pressed_buttons
 .text.parse_event
                0x8000c504      0x540 c:/devkitPro/libogc/lib/wii\libwiiuse.a(events.o)
                0x8000c504                parse_event
 .text.guitar_hero_3_handshake
                0x8000ca44       0x68 c:/devkitPro/libogc/lib/wii\libwiiuse.a(guitar_hero_3.o)
                0x8000ca44                guitar_hero_3_handshake
 .text.guitar_hero_3_disconnected
                0x8000caac       0x28 c:/devkitPro/libogc/lib/wii\libwiiuse.a(guitar_hero_3.o)
                0x8000caac                guitar_hero_3_disconnected
 .text.guitar_hero_3_event
                0x8000cad4       0x68 c:/devkitPro/libogc/lib/wii\libwiiuse.a(guitar_hero_3.o)
                0x8000cad4                guitar_hero_3_event
 .text.acl_wlp_completed
                0x8000cb3c        0x8 c:/devkitPro/libogc/lib/wii\libbte.a(bte.o)
                0x8000cb3c                acl_wlp_completed
 .text.__bte_cmdfinish
                0x8000cb44       0x9c c:/devkitPro/libogc/lib/wii\libbte.a(bte.o)
 .text.bte_hci_initsub_complete
                0x8000cbe0      0x12c c:/devkitPro/libogc/lib/wii\libbte.a(bte.o)
                0x8000cbe0                bte_hci_initsub_complete
 .text.bte_hci_initcore_complete2
                0x8000cd0c       0xf0 c:/devkitPro/libogc/lib/wii\libbte.a(bte.o)
                0x8000cd0c                bte_hci_initcore_complete2
 .text.bte_hci_patch_complete
                0x8000cdfc      0x1b0 c:/devkitPro/libogc/lib/wii\libbte.a(bte.o)
                0x8000cdfc                bte_hci_patch_complete
 .text.bte_hci_apply_patch_complete
                0x8000cfac       0xa8 c:/devkitPro/libogc/lib/wii\libbte.a(bte.o)
                0x8000cfac                bte_hci_apply_patch_complete
 .text.bte_hci_initcore_complete
                0x8000d054      0x158 c:/devkitPro/libogc/lib/wii\libbte.a(bte.o)
                0x8000d054                bte_hci_initcore_complete
 .text.__bte_close_ctrl_queue
                0x8000d1ac       0x80 c:/devkitPro/libogc/lib/wii\libbte.a(bte.o)
 .text.__bte_send_pending_request
                0x8000d22c       0xb8 c:/devkitPro/libogc/lib/wii\libbte.a(bte.o)
 .text.l2cap_disconnect_cfm
                0x8000d2e4       0xe0 c:/devkitPro/libogc/lib/wii\libbte.a(bte.o)
                0x8000d2e4                l2cap_disconnect_cfm
 .text.acl_conn_complete
                0x8000d3c4       0x2c c:/devkitPro/libogc/lib/wii\libbte.a(bte.o)
                0x8000d3c4                acl_conn_complete
 .text.__bte_shutdown_finished
                0x8000d3f0       0x5c c:/devkitPro/libogc/lib/wii\libbte.a(bte.o)
 .text.bt_alarmhandler
                0x8000d44c       0x60 c:/devkitPro/libogc/lib/wii\libbte.a(bte.o)
 .text.bte_read_stored_link_key_complete
                0x8000d4ac      0x108 c:/devkitPro/libogc/lib/wii\libbte.a(bte.o)
                0x8000d4ac                bte_read_stored_link_key_complete
 .text.l2cap_accepted
                0x8000d5b4       0xd8 c:/devkitPro/libogc/lib/wii\libbte.a(bte.o)
                0x8000d5b4                l2cap_accepted
 .text.l2cap_disconnected_ind
                0x8000d68c       0xb8 c:/devkitPro/libogc/lib/wii\libbte.a(bte.o)
                0x8000d68c                l2cap_disconnected_ind
 .text.bte_process_input
                0x8000d744       0xf4 c:/devkitPro/libogc/lib/wii\libbte.a(bte.o)
 .text.__bte_waitcmdfinish.constprop.6
                0x8000d838       0x78 c:/devkitPro/libogc/lib/wii\libbte.a(bte.o)
 .text.BTE_Init
                0x8000d8b0      0x108 c:/devkitPro/libogc/lib/wii\libbte.a(bte.o)
                0x8000d8b0                BTE_Init
 .text.BTE_Shutdown
                0x8000d9b8       0x94 c:/devkitPro/libogc/lib/wii\libbte.a(bte.o)
                0x8000d9b8                BTE_Shutdown
 .text.BTE_InitCore
                0x8000da4c       0x7c c:/devkitPro/libogc/lib/wii\libbte.a(bte.o)
                0x8000da4c                BTE_InitCore
 .text.BTE_ApplyPatch
                0x8000dac8       0x98 c:/devkitPro/libogc/lib/wii\libbte.a(bte.o)
                0x8000dac8                BTE_ApplyPatch
 .text.BTE_InitSub
                0x8000db60       0x80 c:/devkitPro/libogc/lib/wii\libbte.a(bte.o)
                0x8000db60                BTE_InitSub
 .text.BTE_ReadStoredLinkKey
                0x8000dbe0       0x80 c:/devkitPro/libogc/lib/wii\libbte.a(bte.o)
                0x8000dbe0                BTE_ReadStoredLinkKey
 .text.BTE_SetDisconnectCallback
                0x8000dc60       0x20 c:/devkitPro/libogc/lib/wii\libbte.a(bte.o)
                0x8000dc60                BTE_SetDisconnectCallback
 .text.bte_new  0x8000dc80       0x4c c:/devkitPro/libogc/lib/wii\libbte.a(bte.o)
                0x8000dc80                bte_new
 .text.bte_registerdeviceasync
                0x8000dccc      0x124 c:/devkitPro/libogc/lib/wii\libbte.a(bte.o)
                0x8000dccc                bte_registerdeviceasync
 .text.bte_disconnect
                0x8000ddf0       0x9c c:/devkitPro/libogc/lib/wii\libbte.a(bte.o)
                0x8000ddf0                bte_disconnect
 .text.bte_senddata
                0x8000de8c       0xb0 c:/devkitPro/libogc/lib/wii\libbte.a(bte.o)
                0x8000de8c                bte_senddata
 .text.bte_arg  0x8000df3c       0x3c c:/devkitPro/libogc/lib/wii\libbte.a(bte.o)
                0x8000df3c                bte_arg
 .text.bte_received
                0x8000df78       0x3c c:/devkitPro/libogc/lib/wii\libbte.a(bte.o)
                0x8000df78                bte_received
 .text.bte_disconnected
                0x8000dfb4       0x3c c:/devkitPro/libogc/lib/wii\libbte.a(bte.o)
                0x8000dfb4                bte_disconnected
 .text.hci_init
                0x8000dff0       0x78 c:/devkitPro/libogc/lib/wii\libbte.a(hci.o)
                0x8000dff0                hci_init
 .text.hci_new  0x8000e068       0x3c c:/devkitPro/libogc/lib/wii\libbte.a(hci.o)
                0x8000e068                hci_new
 .text.hci_get_link
                0x8000e0a4       0x7c c:/devkitPro/libogc/lib/wii\libbte.a(hci.o)
                0x8000e0a4                hci_get_link
 .text.hci_close
                0x8000e120       0xcc c:/devkitPro/libogc/lib/wii\libbte.a(hci.o)
                0x8000e120                hci_close
 .text.hci_reset_all
                0x8000e1ec       0x9c c:/devkitPro/libogc/lib/wii\libbte.a(hci.o)
                0x8000e1ec                hci_reset_all
 .text.hci_arg  0x8000e288        0xc c:/devkitPro/libogc/lib/wii\libbte.a(hci.o)
                0x8000e288                hci_arg
 .text.hci_cmd_complete
                0x8000e294        0xc c:/devkitPro/libogc/lib/wii\libbte.a(hci.o)
                0x8000e294                hci_cmd_complete
 .text.hci_connection_complete
                0x8000e2a0        0xc c:/devkitPro/libogc/lib/wii\libbte.a(hci.o)
                0x8000e2a0                hci_connection_complete
 .text.hci_wlp_complete
                0x8000e2ac        0xc c:/devkitPro/libogc/lib/wii\libbte.a(hci.o)
                0x8000e2ac                hci_wlp_complete
 .text.hci_cmd_ass
                0x8000e2b8       0x48 c:/devkitPro/libogc/lib/wii\libbte.a(hci.o)
                0x8000e2b8                hci_cmd_ass
 .text.hci_reset
                0x8000e300       0x64 c:/devkitPro/libogc/lib/wii\libbte.a(hci.o)
                0x8000e300                hci_reset
 .text.hci_read_buffer_size
                0x8000e364       0x64 c:/devkitPro/libogc/lib/wii\libbte.a(hci.o)
                0x8000e364                hci_read_buffer_size
 .text.hci_read_bd_addr
                0x8000e3c8       0x64 c:/devkitPro/libogc/lib/wii\libbte.a(hci.o)
                0x8000e3c8                hci_read_bd_addr
 .text.hci_read_local_version
                0x8000e42c       0x64 c:/devkitPro/libogc/lib/wii\libbte.a(hci.o)
                0x8000e42c                hci_read_local_version
 .text.hci_read_local_features
                0x8000e490       0x64 c:/devkitPro/libogc/lib/wii\libbte.a(hci.o)
                0x8000e490                hci_read_local_features
 .text.hci_read_stored_link_key
                0x8000e4f4       0xac c:/devkitPro/libogc/lib/wii\libbte.a(hci.o)
                0x8000e4f4                hci_read_stored_link_key
 .text.hci_write_page_timeout
                0x8000e5a0       0x7c c:/devkitPro/libogc/lib/wii\libbte.a(hci.o)
                0x8000e5a0                hci_write_page_timeout
 .text.hci_write_scan_enable
                0x8000e61c       0x6c c:/devkitPro/libogc/lib/wii\libbte.a(hci.o)
                0x8000e61c                hci_write_scan_enable
 .text.hci_accecpt_conn_request
                0x8000e688       0x80 c:/devkitPro/libogc/lib/wii\libbte.a(hci.o)
                0x8000e688                hci_accecpt_conn_request
 .text.hci_write_local_name
                0x8000e708       0x80 c:/devkitPro/libogc/lib/wii\libbte.a(hci.o)
                0x8000e708                hci_write_local_name
 .text.hci_write_pin_type
                0x8000e788       0x6c c:/devkitPro/libogc/lib/wii\libbte.a(hci.o)
                0x8000e788                hci_write_pin_type
 .text.hci_write_inquiry_mode
                0x8000e7f4       0x6c c:/devkitPro/libogc/lib/wii\libbte.a(hci.o)
                0x8000e7f4                hci_write_inquiry_mode
 .text.hci_write_page_scan_type
                0x8000e860       0x6c c:/devkitPro/libogc/lib/wii\libbte.a(hci.o)
                0x8000e860                hci_write_page_scan_type
 .text.hci_write_inquiry_scan_type
                0x8000e8cc       0x6c c:/devkitPro/libogc/lib/wii\libbte.a(hci.o)
                0x8000e8cc                hci_write_inquiry_scan_type
 .text.hci_vendor_specific_command
                0x8000e938       0x8c c:/devkitPro/libogc/lib/wii\libbte.a(hci.o)
                0x8000e938                hci_vendor_specific_command
 .text.hci_write_link_policy_settings
                0x8000e9c4       0xa0 c:/devkitPro/libogc/lib/wii\libbte.a(hci.o)
                0x8000e9c4                hci_write_link_policy_settings
 .text.hci_pin_code_request_neg_reply
                0x8000ea64       0x74 c:/devkitPro/libogc/lib/wii\libbte.a(hci.o)
                0x8000ea64                hci_pin_code_request_neg_reply
 .text.hci_disconnect
                0x8000ead8       0x98 c:/devkitPro/libogc/lib/wii\libbte.a(hci.o)
                0x8000ead8                hci_disconnect
 .text.hci_write_cod
                0x8000eb70       0x78 c:/devkitPro/libogc/lib/wii\libbte.a(hci.o)
                0x8000eb70                hci_write_cod
 .text.hci_host_buffer_size
                0x8000ebe8       0xb4 c:/devkitPro/libogc/lib/wii\libbte.a(hci.o)
                0x8000ebe8                hci_host_buffer_size
 .text.hci_host_num_comp_packets
                0x8000ec9c       0xac c:/devkitPro/libogc/lib/wii\libbte.a(hci.o)
                0x8000ec9c                hci_host_num_comp_packets
 .text.lp_pdu_maxsize
                0x8000ed48        0xc c:/devkitPro/libogc/lib/wii\libbte.a(hci.o)
                0x8000ed48                lp_pdu_maxsize
 .text.lp_acl_write
                0x8000ed54      0x114 c:/devkitPro/libogc/lib/wii\libbte.a(hci.o)
                0x8000ed54                lp_acl_write
 .text.lp_write_flush_timeout
                0x8000ee68       0xa0 c:/devkitPro/libogc/lib/wii\libbte.a(hci.o)
                0x8000ee68                lp_write_flush_timeout
 .text.hci_event_handler
                0x8000ef08      0xa6c c:/devkitPro/libogc/lib/wii\libbte.a(hci.o)
                0x8000ef08                hci_event_handler
 .text.hci_acldata_handler
                0x8000f974       0xdc c:/devkitPro/libogc/lib/wii\libbte.a(hci.o)
                0x8000f974                hci_acldata_handler
 .text.l2cap_cid_alloc
                0x8000fa50       0x4c c:/devkitPro/libogc/lib/wii\libbte.a(l2cap.o)
 .text.l2cap_init
                0x8000fa9c       0x60 c:/devkitPro/libogc/lib/wii\libbte.a(l2cap.o)
                0x8000fa9c                l2cap_init
 .text.l2cap_write
                0x8000fafc       0xe0 c:/devkitPro/libogc/lib/wii\libbte.a(l2cap.o)
                0x8000fafc                l2cap_write
 .text.l2cap_new
                0x8000fbdc       0x6c c:/devkitPro/libogc/lib/wii\libbte.a(l2cap.o)
                0x8000fbdc                l2cap_new
 .text.l2cap_close
                0x8000fc48      0x15c c:/devkitPro/libogc/lib/wii\libbte.a(l2cap.o)
                0x8000fc48                l2cap_close
 .text.l2cap_reset_all
                0x8000fda4      0x104 c:/devkitPro/libogc/lib/wii\libbte.a(l2cap.o)
                0x8000fda4                l2cap_reset_all
 .text.l2cap_rexmit_signal
                0x8000fea8       0x10 c:/devkitPro/libogc/lib/wii\libbte.a(l2cap.o)
                0x8000fea8                l2cap_rexmit_signal
 .text.l2ca_datawrite
                0x8000feb8       0xe8 c:/devkitPro/libogc/lib/wii\libbte.a(l2cap.o)
                0x8000feb8                l2ca_datawrite
 .text.lp_connect_ind
                0x8000ffa0        0x4 c:/devkitPro/libogc/lib/wii\libbte.a(l2cap.o)
                0x8000ffa0                lp_connect_ind
 .text.lp_disconnect_ind
                0x8000ffa4       0xe4 c:/devkitPro/libogc/lib/wii\libbte.a(l2cap.o)
                0x8000ffa4                lp_disconnect_ind
 .text.l2cap_disconnect_bb
                0x80010088       0x10 c:/devkitPro/libogc/lib/wii\libbte.a(l2cap.o)
                0x80010088                l2cap_disconnect_bb
 .text.l2cap_next_sigid
                0x80010098       0x28 c:/devkitPro/libogc/lib/wii\libbte.a(l2cap.o)
                0x80010098                l2cap_next_sigid
 .text.l2cap_signal
                0x800100c0      0x184 c:/devkitPro/libogc/lib/wii\libbte.a(l2cap.o)
                0x800100c0                l2cap_signal
 .text.lp_connect_cfm
                0x80010244      0x130 c:/devkitPro/libogc/lib/wii\libbte.a(l2cap.o)
                0x80010244                lp_connect_cfm
 .text.l2ca_disconnect_req
                0x80010374       0xac c:/devkitPro/libogc/lib/wii\libbte.a(l2cap.o)
                0x80010374                l2ca_disconnect_req
 .text.l2cap_tmr
                0x80010420      0x1e8 c:/devkitPro/libogc/lib/wii\libbte.a(l2cap.o)
                0x80010420                l2cap_tmr
 .text.l2ca_config_req
                0x80010608      0x108 c:/devkitPro/libogc/lib/wii\libbte.a(l2cap.o)
                0x80010608                l2ca_config_req
 .text.l2cap_process_sig
                0x80010710     0x1078 c:/devkitPro/libogc/lib/wii\libbte.a(l2cap.o)
                0x80010710                l2cap_process_sig
 .text.l2cap_input
                0x80011788      0x4e8 c:/devkitPro/libogc/lib/wii\libbte.a(l2cap.o)
                0x80011788                l2cap_input
 .text.l2cap_arg
                0x80011c70        0x8 c:/devkitPro/libogc/lib/wii\libbte.a(l2cap.o)
                0x80011c70                l2cap_arg
 .text.l2cap_connect_ind
                0x80011c78       0xd8 c:/devkitPro/libogc/lib/wii\libbte.a(l2cap.o)
                0x80011c78                l2cap_connect_ind
 .text.l2cap_disconnect_ind
                0x80011d50        0x8 c:/devkitPro/libogc/lib/wii\libbte.a(l2cap.o)
                0x80011d50                l2cap_disconnect_ind
 .text.l2cap_recv
                0x80011d58        0x8 c:/devkitPro/libogc/lib/wii\libbte.a(l2cap.o)
                0x80011d58                l2cap_recv
 .text.btmemb_init
                0x80011d60       0x40 c:/devkitPro/libogc/lib/wii\libbte.a(btmemb.o)
                0x80011d60                btmemb_init
 .text.btmemb_alloc
                0x80011da0       0x9c c:/devkitPro/libogc/lib/wii\libbte.a(btmemb.o)
                0x80011da0                btmemb_alloc
 .text.btmemb_free
                0x80011e3c       0xa4 c:/devkitPro/libogc/lib/wii\libbte.a(btmemb.o)
                0x80011e3c                btmemb_free
 .text.plug_holes
                0x80011ee0       0xb8 c:/devkitPro/libogc/lib/wii\libbte.a(btmemr.o)
 .text.btmemr_init
                0x80011f98       0x8c c:/devkitPro/libogc/lib/wii\libbte.a(btmemr.o)
                0x80011f98                btmemr_init
 .text.btmemr_malloc
                0x80012024      0x164 c:/devkitPro/libogc/lib/wii\libbte.a(btmemr.o)
                0x80012024                btmemr_malloc
 .text.btmemr_free
                0x80012188       0x94 c:/devkitPro/libogc/lib/wii\libbte.a(btmemr.o)
                0x80012188                btmemr_free
 .text.btmemr_realloc
                0x8001221c       0xf0 c:/devkitPro/libogc/lib/wii\libbte.a(btmemr.o)
                0x8001221c                btmemr_realloc
 .text.btpbuf_init
                0x8001230c       0x2c c:/devkitPro/libogc/lib/wii\libbte.a(btpbuf.o)
                0x8001230c                btpbuf_init
 .text.btpbuf_free
                0x80012338       0xc4 c:/devkitPro/libogc/lib/wii\libbte.a(btpbuf.o)
                0x80012338                btpbuf_free
 .text.btpbuf_alloc
                0x800123fc      0x1d0 c:/devkitPro/libogc/lib/wii\libbte.a(btpbuf.o)
                0x800123fc                btpbuf_alloc
 .text.btpbuf_realloc
                0x800125cc       0xa4 c:/devkitPro/libogc/lib/wii\libbte.a(btpbuf.o)
                0x800125cc                btpbuf_realloc
 .text.btpbuf_header
                0x80012670       0x98 c:/devkitPro/libogc/lib/wii\libbte.a(btpbuf.o)
                0x80012670                btpbuf_header
 .text.btpbuf_ref
                0x80012708       0x4c c:/devkitPro/libogc/lib/wii\libbte.a(btpbuf.o)
                0x80012708                btpbuf_ref
 .text.btpbuf_cat
                0x80012754       0x48 c:/devkitPro/libogc/lib/wii\libbte.a(btpbuf.o)
                0x80012754                btpbuf_cat
 .text.btpbuf_chain
                0x8001279c       0x34 c:/devkitPro/libogc/lib/wii\libbte.a(btpbuf.o)
                0x8001279c                btpbuf_chain
 .text.btpbuf_dechain
                0x800127d0       0x60 c:/devkitPro/libogc/lib/wii\libbte.a(btpbuf.o)
                0x800127d0                btpbuf_dechain
 .text.btpbuf_take
                0x80012830       0xe8 c:/devkitPro/libogc/lib/wii\libbte.a(btpbuf.o)
                0x80012830                btpbuf_take
 .text.__usb_closeCB
                0x80012918       0x10 c:/devkitPro/libogc/lib/wii\libbte.a(physbusif.o)
 .text.__writebulkmsgCB
                0x80012928       0x34 c:/devkitPro/libogc/lib/wii\libbte.a(physbusif.o)
 .text.__writectrlmsgCB
                0x8001295c       0x34 c:/devkitPro/libogc/lib/wii\libbte.a(physbusif.o)
 .text.__initUsbIOBuffer
                0x80012990       0x78 c:/devkitPro/libogc/lib/wii\libbte.a(physbusif.o)
 .text.__issue_intrread.part.0
                0x80012a08       0x7c c:/devkitPro/libogc/lib/wii\libbte.a(physbusif.o)
 .text.__readintrdataCB
                0x80012a84       0xf0 c:/devkitPro/libogc/lib/wii\libbte.a(physbusif.o)
 .text.__issue_bulkread.part.2
                0x80012b74       0x7c c:/devkitPro/libogc/lib/wii\libbte.a(physbusif.o)
 .text.__readbulkdataCB
                0x80012bf0       0xf0 c:/devkitPro/libogc/lib/wii\libbte.a(physbusif.o)
 .text.physbusif_init
                0x80012ce0      0x15c c:/devkitPro/libogc/lib/wii\libbte.a(physbusif.o)
                0x80012ce0                physbusif_init
 .text.physbusif_close
                0x80012e3c       0x28 c:/devkitPro/libogc/lib/wii\libbte.a(physbusif.o)
                0x80012e3c                physbusif_close
 .text.physbusif_shutdown
                0x80012e64       0x40 c:/devkitPro/libogc/lib/wii\libbte.a(physbusif.o)
                0x80012e64                physbusif_shutdown
 .text.physbusif_reset_all
                0x80012ea4        0x4 c:/devkitPro/libogc/lib/wii\libbte.a(physbusif.o)
                0x80012ea4                physbusif_reset_all
 .text.physbusif_output
                0x80012ea8      0x140 c:/devkitPro/libogc/lib/wii\libbte.a(physbusif.o)
                0x80012ea8                physbusif_output
 .text.__console_clear_line
                0x80012fe8       0x94 c:/devkitPro/libogc/lib/wii\libogc.a(console.o)
 .text.__console_clear
                0x8001307c       0x58 c:/devkitPro/libogc/lib/wii\libogc.a(console.o)
 .text.__console_write
                0x800130d4      0x680 c:/devkitPro/libogc/lib/wii\libogc.a(console.o)
                0x800130d4                __console_write
 .text.__console_init
                0x80013754      0x100 c:/devkitPro/libogc/lib/wii\libogc.a(console.o)
                0x80013754                __console_init
 .text.CON_Init
                0x80013854        0x4 c:/devkitPro/libogc/lib/wii\libogc.a(console.o)
                0x80013854                CON_Init
 .text.CON_EnableGecko
                0x80013858       0xa0 c:/devkitPro/libogc/lib/wii\libogc.a(console.o)
                0x80013858                CON_EnableGecko
 .text.__lwp_queue_initialize
                0x800138f8       0x3c c:/devkitPro/libogc/lib/wii\libogc.a(lwp_queue.o)
                0x800138f8                __lwp_queue_initialize
 .text.__lwp_queue_get
                0x80013934       0x64 c:/devkitPro/libogc/lib/wii\libogc.a(lwp_queue.o)
                0x80013934                __lwp_queue_get
 .text.__lwp_queue_append
                0x80013998       0x50 c:/devkitPro/libogc/lib/wii\libogc.a(lwp_queue.o)
                0x80013998                __lwp_queue_append
 .text.__lwp_priomap_addto
                0x800139e8       0x28 c:/devkitPro/libogc/lib/wii\libogc.a(lwp_threads.o)
 .text.__lwp_thread_calcheir
                0x80013a10       0x3c c:/devkitPro/libogc/lib/wii\libogc.a(lwp_threads.o)
 .text.__lwp_thread_dispatchunnest
                0x80013a4c       0x10 c:/devkitPro/libogc/lib/wii\libogc.a(lwp_threads.o)
 .text.__lwp_priomap_removefrom
                0x80013a5c       0x38 c:/devkitPro/libogc/lib/wii\libogc.a(lwp_threads.o)
 .text.__lwp_wd_insert_ticks.constprop.4
                0x80013a94       0x60 c:/devkitPro/libogc/lib/wii\libogc.a(lwp_threads.o)
 .text.__lwp_isr_in_progress
                0x80013af4        0x8 c:/devkitPro/libogc/lib/wii\libogc.a(lwp_threads.o)
                0x80013af4                __lwp_isr_in_progress
 .text.__thread_dispatch_fp
                0x80013afc       0x7c c:/devkitPro/libogc/lib/wii\libogc.a(lwp_threads.o)
                0x80013afc                __thread_dispatch_fp
 .text.__thread_dispatch
                0x80013b78       0xe0 c:/devkitPro/libogc/lib/wii\libogc.a(lwp_threads.o)
                0x80013b78                __thread_dispatch
 .text.__lwp_thread_dispatchenable
                0x80013c58       0x18 c:/devkitPro/libogc/lib/wii\libogc.a(lwp_threads.o)
 .text.__lwp_thread_resettimeslice
                0x80013c70       0xcc c:/devkitPro/libogc/lib/wii\libogc.a(lwp_threads.o)
                0x80013c70                __lwp_thread_resettimeslice
 .text.__lwp_thread_tickle_timeslice
                0x80013d3c       0x80 c:/devkitPro/libogc/lib/wii\libogc.a(lwp_threads.o)
                0x80013d3c                __lwp_thread_tickle_timeslice
 .text.__lwp_thread_setstate
                0x80013dbc       0xf8 c:/devkitPro/libogc/lib/wii\libogc.a(lwp_threads.o)
                0x80013dbc                __lwp_thread_setstate
 .text.__lwp_thread_clearstate
                0x80013eb4       0xe8 c:/devkitPro/libogc/lib/wii\libogc.a(lwp_threads.o)
                0x80013eb4                __lwp_thread_clearstate
 .text.__lwp_thread_delayended
                0x80013f9c       0x4c c:/devkitPro/libogc/lib/wii\libogc.a(lwp_threads.o)
                0x80013f9c                __lwp_thread_delayended
 .text.__lwp_thread_setpriority
                0x80013fe8       0x5c c:/devkitPro/libogc/lib/wii\libogc.a(lwp_threads.o)
                0x80013fe8                __lwp_thread_setpriority
 .text.__lwp_thread_settransient
                0x80014044       0xa8 c:/devkitPro/libogc/lib/wii\libogc.a(lwp_threads.o)
                0x80014044                __lwp_thread_settransient
 .text.__lwp_thread_changepriority
                0x800140ec      0x118 c:/devkitPro/libogc/lib/wii\libogc.a(lwp_threads.o)
                0x800140ec                __lwp_thread_changepriority
 .text.__lwp_thread_loadenv
                0x80014204       0x78 c:/devkitPro/libogc/lib/wii\libogc.a(lwp_threads.o)
                0x80014204                __lwp_thread_loadenv
 .text.__lwp_thread_ready
                0x8001427c       0xc0 c:/devkitPro/libogc/lib/wii\libogc.a(lwp_threads.o)
                0x8001427c                __lwp_thread_ready
 .text.__lwp_thread_init
                0x8001433c       0xf8 c:/devkitPro/libogc/lib/wii\libogc.a(lwp_threads.o)
                0x8001433c                __lwp_thread_init
 .text.__lwp_thread_close
                0x80014434      0x108 c:/devkitPro/libogc/lib/wii\libogc.a(lwp_threads.o)
                0x80014434                __lwp_thread_close
 .text.__lwp_thread_closeall
                0x8001453c       0x9c c:/devkitPro/libogc/lib/wii\libogc.a(lwp_threads.o)
                0x8001453c                __lwp_thread_closeall
 .text.__lwp_thread_exit
                0x800145d8       0x38 c:/devkitPro/libogc/lib/wii\libogc.a(lwp_threads.o)
                0x800145d8                __lwp_thread_exit
 .text.__lwp_thread_handler
                0x80014610       0x68 c:/devkitPro/libogc/lib/wii\libogc.a(lwp_threads.o)
 .text.__lwp_thread_start
                0x80014678       0x58 c:/devkitPro/libogc/lib/wii\libogc.a(lwp_threads.o)
                0x80014678                __lwp_thread_start
 .text.__lwp_thread_startmultitasking
                0x800146d0       0x64 c:/devkitPro/libogc/lib/wii\libogc.a(lwp_threads.o)
                0x800146d0                __lwp_thread_startmultitasking
 .text.__lwp_thread_stopmultitasking
                0x80014734       0x5c c:/devkitPro/libogc/lib/wii\libogc.a(lwp_threads.o)
                0x80014734                __lwp_thread_stopmultitasking
 .text.__lwp_thread_coreinit
                0x80014790       0xd8 c:/devkitPro/libogc/lib/wii\libogc.a(lwp_threads.o)
                0x80014790                __lwp_thread_coreinit
 .text.__lwp_objmgr_open
                0x80014868       0x20 c:/devkitPro/libogc/lib/wii\libogc.a(lwp.o)
 .text.__lwp_thread_dispatchdisable
                0x80014888       0x10 c:/devkitPro/libogc/lib/wii\libogc.a(lwp.o)
 .text.idle_func
                0x80014898        0x4 c:/devkitPro/libogc/lib/wii\libogc.a(lwp.o)
 .text.__lwp_thread_dispatchenable
                0x8001489c       0x34 c:/devkitPro/libogc/lib/wii\libogc.a(lwp.o)
 .text.__lwp_tqueue_open
                0x800148d0       0x48 c:/devkitPro/libogc/lib/wii\libogc.a(lwp.o)
 .text.__lwp_sysinit
                0x80014918       0xec c:/devkitPro/libogc/lib/wii\libogc.a(lwp.o)
                0x80014918                __lwp_sysinit
 .text.LWP_InitQueue
                0x80014a04       0x84 c:/devkitPro/libogc/lib/wii\libogc.a(lwp.o)
                0x80014a04                LWP_InitQueue
 .text.LWP_CloseQueue
                0x80014a88       0x68 c:/devkitPro/libogc/lib/wii\libogc.a(lwp.o)
                0x80014a88                LWP_CloseQueue
 .text.LWP_ThreadSleep
                0x80014af0       0xa0 c:/devkitPro/libogc/lib/wii\libogc.a(lwp.o)
                0x80014af0                LWP_ThreadSleep
 .text.LWP_ThreadBroadcast
                0x80014b90       0x50 c:/devkitPro/libogc/lib/wii\libogc.a(lwp.o)
                0x80014b90                LWP_ThreadBroadcast
 .text.LWP_ThreadSignal
                0x80014be0       0x40 c:/devkitPro/libogc/lib/wii\libogc.a(lwp.o)
                0x80014be0                LWP_ThreadSignal
 .text.__lwp_stack_allocate
                0x80014c20       0x50 c:/devkitPro/libogc/lib/wii\libogc.a(lwp_stack.o)
                0x80014c20                __lwp_stack_allocate
 .text.__lwp_stack_free
                0x80014c70       0x3c c:/devkitPro/libogc/lib/wii\libogc.a(lwp_stack.o)
                0x80014c70                __lwp_stack_free
 .text.__lwp_wd_settimer.isra.3
                0x80014cac       0xb4 c:/devkitPro/libogc/lib/wii\libogc.a(lwp_watchdog.o)
 .text.__lwp_watchdog_init
                0x80014d60       0x2c c:/devkitPro/libogc/lib/wii\libogc.a(lwp_watchdog.o)
                0x80014d60                __lwp_watchdog_init
 .text.__lwp_wd_insert
                0x80014d8c      0x150 c:/devkitPro/libogc/lib/wii\libogc.a(lwp_watchdog.o)
                0x80014d8c                __lwp_wd_insert
 .text.__lwp_wd_remove
                0x80014edc       0xd0 c:/devkitPro/libogc/lib/wii\libogc.a(lwp_watchdog.o)
                0x80014edc                __lwp_wd_remove
 .text.__lwp_wd_tickle
                0x80014fac       0xfc c:/devkitPro/libogc/lib/wii\libogc.a(lwp_watchdog.o)
                0x80014fac                __lwp_wd_tickle
 .text.__lwp_wkspace_init
                0x800150a8       0xa0 c:/devkitPro/libogc/lib/wii\libogc.a(lwp_wkspace.o)
                0x800150a8                __lwp_wkspace_init
 .text.__lwp_objmgr_initinfo
                0x80015148      0x148 c:/devkitPro/libogc/lib/wii\libogc.a(lwp_objmgr.o)
                0x80015148                __lwp_objmgr_initinfo
 .text.__lwp_objmgr_getisrdisable
                0x80015290       0x68 c:/devkitPro/libogc/lib/wii\libogc.a(lwp_objmgr.o)
                0x80015290                __lwp_objmgr_getisrdisable
 .text.__lwp_objmgr_getnoprotection
                0x800152f8       0x24 c:/devkitPro/libogc/lib/wii\libogc.a(lwp_objmgr.o)
                0x800152f8                __lwp_objmgr_getnoprotection
 .text.__lwp_objmgr_get
                0x8001531c       0x68 c:/devkitPro/libogc/lib/wii\libogc.a(lwp_objmgr.o)
                0x8001531c                __lwp_objmgr_get
 .text.__lwp_objmgr_allocate
                0x80015384       0x78 c:/devkitPro/libogc/lib/wii\libogc.a(lwp_objmgr.o)
                0x80015384                __lwp_objmgr_allocate
 .text.__lwp_objmgr_free
                0x800153fc       0x60 c:/devkitPro/libogc/lib/wii\libogc.a(lwp_objmgr.o)
                0x800153fc                __lwp_objmgr_free
 .text.__lwp_heap_init
                0x8001545c       0xb0 c:/devkitPro/libogc/lib/wii\libogc.a(lwp_heap.o)
                0x8001545c                __lwp_heap_init
 .text.__lwp_heap_allocate
                0x8001550c      0x130 c:/devkitPro/libogc/lib/wii\libogc.a(lwp_heap.o)
                0x8001550c                __lwp_heap_allocate
 .text.__lwp_heap_free
                0x8001563c      0x1d8 c:/devkitPro/libogc/lib/wii\libogc.a(lwp_heap.o)
                0x8001563c                __lwp_heap_free
 .text.__exception_load
                0x80015814       0x78 c:/devkitPro/libogc/lib/wii\libogc.a(exception.o)
                0x80015814                __exception_load
 .text.__systemcall_init
                0x8001588c       0x20 c:/devkitPro/libogc/lib/wii\libogc.a(exception.o)
                0x8001588c                __systemcall_init
 .text.__exception_init
                0x800158ac       0xa4 c:/devkitPro/libogc/lib/wii\libogc.a(exception.o)
                0x800158ac                __exception_init
 .text.__exception_close
                0x80015950       0x94 c:/devkitPro/libogc/lib/wii\libogc.a(exception.o)
                0x80015950                __exception_close
 .text.__exception_closeall
                0x800159e4       0x4c c:/devkitPro/libogc/lib/wii\libogc.a(exception.o)
                0x800159e4                __exception_closeall
 .text.__exception_setreload
                0x80015a30        0xc c:/devkitPro/libogc/lib/wii\libogc.a(exception.o)
                0x80015a30                __exception_setreload
 .text.c_default_exceptionhandler
                0x80015a3c      0x3cc c:/devkitPro/libogc/lib/wii\libogc.a(exception.o)
                0x80015a3c                c_default_exceptionhandler
 .text.__SetInterrupts
                0x80015e08      0x288 c:/devkitPro/libogc/lib/wii\libogc.a(irq.o)
 .text.c_irqdispatcher
                0x80016090      0x28c c:/devkitPro/libogc/lib/wii\libogc.a(irq.o)
                0x80016090                c_irqdispatcher
 .text.__UnmaskIrq
                0x8001631c       0x7c c:/devkitPro/libogc/lib/wii\libogc.a(irq.o)
                0x8001631c                __UnmaskIrq
 .text.__MaskIrq
                0x80016398       0x7c c:/devkitPro/libogc/lib/wii\libogc.a(irq.o)
                0x80016398                __MaskIrq
 .text.__irq_init
                0x80016414       0x94 c:/devkitPro/libogc/lib/wii\libogc.a(irq.o)
                0x80016414                __irq_init
 .text.IRQ_Request
                0x800164a8       0x54 c:/devkitPro/libogc/lib/wii\libogc.a(irq.o)
                0x800164a8                IRQ_Request
 .text.IRQ_GetHandler
                0x800164fc       0x48 c:/devkitPro/libogc/lib/wii\libogc.a(irq.o)
                0x800164fc                IRQ_GetHandler
 .text.IRQ_Disable
                0x80016544       0x24 c:/devkitPro/libogc/lib/wii\libogc.a(irq.o)
                0x80016544                IRQ_Disable
 .text.IRQ_Restore
                0x80016568       0x1c c:/devkitPro/libogc/lib/wii\libogc.a(irq.o)
                0x80016568                IRQ_Restore
 .text.__viOpenI2C
                0x80016584       0x24 c:/devkitPro/libogc/lib/wii\libogc.a(video.o)
 .text.__viSetSCL
                0x800165a8       0x24 c:/devkitPro/libogc/lib/wii\libogc.a(video.o)
 .text.__viSetSDA
                0x800165cc       0x24 c:/devkitPro/libogc/lib/wii\libogc.a(video.o)
 .text.__setVerticalRegs
                0x800165f0       0xc0 c:/devkitPro/libogc/lib/wii\libogc.a(video.o)
 .text.__adjustPosition
                0x800166b0      0x174 c:/devkitPro/libogc/lib/wii\libogc.a(video.o)
 .text.__getCurrentHalfLine
                0x80016824       0x58 c:/devkitPro/libogc/lib/wii\libogc.a(video.o)
 .text.__setFbbRegs.constprop.3
                0x8001687c      0x1e8 c:/devkitPro/libogc/lib/wii\libogc.a(video.o)
 .text.__VISendI2CData.constprop.5
                0x80016a64      0x278 c:/devkitPro/libogc/lib/wii\libogc.a(video.o)
 .text.__VIWriteI2CRegister8
                0x80016cdc       0x38 c:/devkitPro/libogc/lib/wii\libogc.a(video.o)
 .text.__VISetYUVSEL
                0x80016d14       0x54 c:/devkitPro/libogc/lib/wii\libogc.a(video.o)
 .text.__VIWriteI2CRegisterBuf
                0x80016d68       0x48 c:/devkitPro/libogc/lib/wii\libogc.a(video.o)
 .text.__VIWriteI2CRegister16
                0x80016db0       0x40 c:/devkitPro/libogc/lib/wii\libogc.a(video.o)
 .text.VIDEO_Configure
                0x80016df0      0x3e4 c:/devkitPro/libogc/lib/wii\libogc.a(video.o)
                0x80016df0                VIDEO_Configure
 .text.VIDEO_WaitVSync
                0x800171d4       0x68 c:/devkitPro/libogc/lib/wii\libogc.a(video.o)
                0x800171d4                VIDEO_WaitVSync
 .text.VIDEO_SetFramebuffer
                0x8001723c       0xfc c:/devkitPro/libogc/lib/wii\libogc.a(video.o)
                0x8001723c                VIDEO_SetFramebuffer
 .text.VIDEO_SetNextFramebuffer
                0x80017338       0x64 c:/devkitPro/libogc/lib/wii\libogc.a(video.o)
                0x80017338                VIDEO_SetNextFramebuffer
 .text.VIDEO_Flush
                0x8001739c       0xf8 c:/devkitPro/libogc/lib/wii\libogc.a(video.o)
                0x8001739c                VIDEO_Flush
 .text.VIDEO_SetBlack
                0x80017494       0x88 c:/devkitPro/libogc/lib/wii\libogc.a(video.o)
                0x80017494                VIDEO_SetBlack
 .text.VIDEO_GetCurrentTvMode
                0x8001751c       0x70 c:/devkitPro/libogc/lib/wii\libogc.a(video.o)
                0x8001751c                VIDEO_GetCurrentTvMode
 .text.VIDEO_Init
                0x8001758c      0x554 c:/devkitPro/libogc/lib/wii\libogc.a(video.o)
                0x8001758c                VIDEO_Init
 .text.__VIRetraceHandler
                0x80017ae0      0x1f8 c:/devkitPro/libogc/lib/wii\libogc.a(video.o)
 .text.VIDEO_GetPreferredMode
                0x80017cd8       0xf8 c:/devkitPro/libogc/lib/wii\libogc.a(video.o)
                0x80017cd8                VIDEO_GetPreferredMode
 .text.VIDEO_GetCurrentLine
                0x80017dd0       0x68 c:/devkitPro/libogc/lib/wii\libogc.a(video.o)
                0x80017dd0                VIDEO_GetCurrentLine
 .text.VIDEO_GetFrameBufferSize
                0x80017e38       0x30 c:/devkitPro/libogc/lib/wii\libogc.a(video.o)
                0x80017e38                VIDEO_GetFrameBufferSize
 .text.SPEC0_MakeStatus